Component: Arm Compiler for Embedded 6.19 Tool: armlink [5e73cb00]

==============================================================================

Section Cross References

    ads8681.o(.text.ADS8681_transfer_frame) refers to spi.o(.text.spi1_transfer16) for spi1_transfer16
    ads8681.o(.ARM.exidx.text.ADS8681_transfer_frame) refers to ads8681.o(.text.ADS8681_transfer_frame) for [Anonymous Symbol]
    ads8681.o(.text.ADS8681_send_Command_blocking) refers to ads8681.o(.text.ADS8681_transfer_frame) for ADS8681_transfer_frame
    ads8681.o(.ARM.exidx.text.ADS8681_send_Command_blocking) refers to ads8681.o(.text.ADS8681_send_Command_blocking) for [Anonymous Symbol]
    ads8681.o(.text.ADS8681_init) refers to ads8681.o(.text.ADS8681_send_Command_blocking) for ADS8681_send_Command_blocking
    ads8681.o(.text.ADS8681_init) refers to spi.o(.text.spi1_transfer16) for spi1_transfer16
    ads8681.o(.ARM.exidx.text.ADS8681_init) refers to ads8681.o(.text.ADS8681_init) for [Anonymous Symbol]
    ads8681.o(.text.ADS8681_get_VOLT) refers to dflt_clz.o(x$fpl$dfltu) for __aeabi_ui2d
    ads8681.o(.text.ADS8681_get_VOLT) refers to ddiv.o(x$fpl$ddiv) for __aeabi_ddiv
    ads8681.o(.text.ADS8681_get_VOLT) refers to dmul.o(x$fpl$dmul) for __aeabi_dmul
    ads8681.o(.text.ADS8681_get_VOLT) refers to daddsub_clz.o(x$fpl$dadd) for __aeabi_dadd
    ads8681.o(.ARM.exidx.text.ADS8681_get_VOLT) refers to ads8681.o(.text.ADS8681_get_VOLT) for [Anonymous Symbol]
    scpi_commands.o(.text.uart1_init) refers to uart.o(.text.set_up_uart1) for set_up_uart1
    scpi_commands.o(.ARM.exidx.text.uart1_init) refers to scpi_commands.o(.text.uart1_init) for [Anonymous Symbol]
    scpi_commands.o(.text.uart1_put_char) refers to uart.o(.text.uart_put_char) for uart_put_char
    scpi_commands.o(.ARM.exidx.text.uart1_put_char) refers to scpi_commands.o(.text.uart1_put_char) for [Anonymous Symbol]
    scpi_commands.o(.text.uart1_put_string) refers to uart.o(.text.uart_put_string) for uart_put_string
    scpi_commands.o(.ARM.exidx.text.uart1_put_string) refers to scpi_commands.o(.text.uart1_put_string) for [Anonymous Symbol]
    scpi_commands.o(.text.uart1_put_int) refers to uart.o(.text.uart_put_char) for uart_put_char
    scpi_commands.o(.ARM.exidx.text.uart1_put_int) refers to scpi_commands.o(.text.uart1_put_int) for [Anonymous Symbol]
    scpi_commands.o(.text.uart1_put_float) refers to ffix.o(x$fpl$ffix) for __aeabi_f2iz
    scpi_commands.o(.text.uart1_put_float) refers to fflt_clz.o(x$fpl$fflt) for __aeabi_i2f
    scpi_commands.o(.text.uart1_put_float) refers to faddsub_clz.o(x$fpl$fsub) for __aeabi_fsub
    scpi_commands.o(.text.uart1_put_float) refers to fcmp.o(x$fpl$fcmp) for __aeabi_fcmpge
    scpi_commands.o(.text.uart1_put_float) refers to scpi_commands.o(.text.uart1_put_int) for uart1_put_int
    scpi_commands.o(.text.uart1_put_float) refers to uart.o(.text.uart_put_char) for uart_put_char
    scpi_commands.o(.text.uart1_put_float) refers to fmul.o(x$fpl$fmul) for __aeabi_fmul
    scpi_commands.o(.ARM.exidx.text.uart1_put_float) refers to scpi_commands.o(.text.uart1_put_float) for [Anonymous Symbol]
    scpi_commands.o(.text.scpi_reset) refers to scpi_commands.o(.rodata.str1.1) for .L.str
    scpi_commands.o(.text.scpi_reset) refers to uart.o(.text.uart_put_string) for uart_put_string
    scpi_commands.o(.ARM.exidx.text.scpi_reset) refers to scpi_commands.o(.text.scpi_reset) for [Anonymous Symbol]
    scpi_commands.o(.text.scpi_set_source_range) refers to scpi_commands.o(.rodata.str1.1) for .L.str.2
    scpi_commands.o(.text.scpi_set_source_range) refers to uart.o(.text.uart_put_string) for uart_put_string
    scpi_commands.o(.text.scpi_set_source_range) refers to scpi_commands.o(.text.uart1_put_int) for uart1_put_int
    scpi_commands.o(.ARM.exidx.text.scpi_set_source_range) refers to scpi_commands.o(.text.scpi_set_source_range) for [Anonymous Symbol]
    scpi_commands.o(.text.scpi_set_source_prot) refers to scpi_commands.o(.rodata.str1.1) for .L.str.2
    scpi_commands.o(.text.scpi_set_source_prot) refers to uart.o(.text.uart_put_string) for uart_put_string
    scpi_commands.o(.text.scpi_set_source_prot) refers to scpi_commands.o(.text.uart1_put_int) for uart1_put_int
    scpi_commands.o(.text.scpi_set_source_prot) refers to scpi_commands.o(.text.uart1_put_float) for uart1_put_float
    scpi_commands.o(.ARM.exidx.text.scpi_set_source_prot) refers to scpi_commands.o(.text.scpi_set_source_prot) for [Anonymous Symbol]
    scpi_commands.o(.text.scpi_set_source_voltage) refers to scpi_commands.o(.rodata.str1.1) for .L.str.2
    scpi_commands.o(.text.scpi_set_source_voltage) refers to uart.o(.text.uart_put_string) for uart_put_string
    scpi_commands.o(.text.scpi_set_source_voltage) refers to scpi_commands.o(.text.uart1_put_int) for uart1_put_int
    scpi_commands.o(.text.scpi_set_source_voltage) refers to scpi_commands.o(.text.uart1_put_float) for uart1_put_float
    scpi_commands.o(.ARM.exidx.text.scpi_set_source_voltage) refers to scpi_commands.o(.text.scpi_set_source_voltage) for [Anonymous Symbol]
    scpi_commands.o(.text.scpi_set_source_output) refers to scpi_commands.o(.rodata.str1.1) for .L.str.2
    scpi_commands.o(.text.scpi_set_source_output) refers to uart.o(.text.uart_put_string) for uart_put_string
    scpi_commands.o(.text.scpi_set_source_output) refers to scpi_commands.o(.text.uart1_put_int) for uart1_put_int
    scpi_commands.o(.ARM.exidx.text.scpi_set_source_output) refers to scpi_commands.o(.text.scpi_set_source_output) for [Anonymous Symbol]
    scpi_commands.o(.text.scpi_set_sense_range) refers to scpi_commands.o(.rodata.str1.1) for .L.str.9
    scpi_commands.o(.text.scpi_set_sense_range) refers to uart.o(.text.uart_put_string) for uart_put_string
    scpi_commands.o(.ARM.exidx.text.scpi_set_sense_range) refers to scpi_commands.o(.text.scpi_set_sense_range) for [Anonymous Symbol]
    scpi_commands.o(.text.scpi_set_sense_autorange) refers to scpi_commands.o(.rodata.str1.1) for .L.str.10
    scpi_commands.o(.text.scpi_set_sense_autorange) refers to uart.o(.text.uart_put_string) for uart_put_string
    scpi_commands.o(.ARM.exidx.text.scpi_set_sense_autorange) refers to scpi_commands.o(.text.scpi_set_sense_autorange) for [Anonymous Symbol]
    scpi_commands.o(.text.scpi_start_measurement) refers to scpi_commands.o(.rodata.str1.1) for .L.str.11
    scpi_commands.o(.text.scpi_start_measurement) refers to uart.o(.text.uart_put_string) for uart_put_string
    scpi_commands.o(.ARM.exidx.text.scpi_start_measurement) refers to scpi_commands.o(.text.scpi_start_measurement) for [Anonymous Symbol]
    scpi_commands.o(.text.scpi_stop_measurement) refers to scpi_commands.o(.rodata.str1.1) for .L.str.12
    scpi_commands.o(.text.scpi_stop_measurement) refers to uart.o(.text.uart_put_string) for uart_put_string
    scpi_commands.o(.ARM.exidx.text.scpi_stop_measurement) refers to scpi_commands.o(.text.scpi_stop_measurement) for [Anonymous Symbol]
    ad5689.o(.text.AD5689_SEND_COMMAND_BLOCKING) refers to spi.o(.text.spi1_set_8bit) for spi1_set_8bit
    ad5689.o(.text.AD5689_SEND_COMMAND_BLOCKING) refers to spi.o(.text.spi1_transfer8) for spi1_transfer8
    ad5689.o(.text.AD5689_SEND_COMMAND_BLOCKING) refers to ad5689.o(.text.AD5689_transfer_frame) for AD5689_transfer_frame
    ad5689.o(.text.AD5689_SEND_COMMAND_BLOCKING) refers to spi.o(.text.spi1_set_16bit) for spi1_set_16bit
    ad5689.o(.ARM.exidx.text.AD5689_SEND_COMMAND_BLOCKING) refers to ad5689.o(.text.AD5689_SEND_COMMAND_BLOCKING) for [Anonymous Symbol]
    ad5689.o(.text.AD5689_transfer_frame) refers to spi.o(.text.spi1_transfer8) for spi1_transfer8
    ad5689.o(.ARM.exidx.text.AD5689_transfer_frame) refers to ad5689.o(.text.AD5689_transfer_frame) for [Anonymous Symbol]
    main.o(.text.main) refers to pins.o(.text.PIN_init) for PIN_init
    main.o(.text.main) refers to uart.o(.text.set_up_uart1) for set_up_uart1
    main.o(.text.main) refers to timer.o(.text.wait_ms) for wait_ms
    main.o(.text.main) refers to main.o(.rodata.str1.1) for .L.str
    main.o(.text.main) refers to uart.o(.text.uart_put_string) for uart_put_string
    main.o(.text.main) refers to scpi_commands.o(.text.scpi_reset) for scpi_reset
    main.o(.text.main) refers to scpi_commands.o(.text.scpi_set_source_range) for scpi_set_source_range
    main.o(.text.main) refers to scpi_commands.o(.text.scpi_set_source_prot) for scpi_set_source_prot
    main.o(.text.main) refers to scpi_commands.o(.text.scpi_set_sense_range) for scpi_set_sense_range
    main.o(.text.main) refers to scpi_commands.o(.text.scpi_set_sense_autorange) for scpi_set_sense_autorange
    main.o(.text.main) refers to scpi_commands.o(.text.scpi_set_source_output) for scpi_set_source_output
    main.o(.text.main) refers to fcmp.o(x$fpl$fcmp) for __aeabi_fcmpgt
    main.o(.text.main) refers to f2d.o(x$fpl$f2d) for __aeabi_f2d
    main.o(.text.main) refers to scpi_commands.o(.text.scpi_set_source_voltage) for scpi_set_source_voltage
    main.o(.text.main) refers to scpi_commands.o(.text.scpi_start_measurement) for scpi_start_measurement
    main.o(.text.main) refers to scpi_commands.o(.text.scpi_stop_measurement) for scpi_stop_measurement
    main.o(.text.main) refers to faddsub_clz.o(x$fpl$fadd) for __aeabi_fadd
    main.o(.ARM.exidx.text.main) refers to main.o(.text.main) for [Anonymous Symbol]
    relai.o(.text.set_range_10meg) refers to timer.o(.text.wait_ms) for wait_ms
    relai.o(.ARM.exidx.text.set_range_10meg) refers to relai.o(.text.set_range_10meg) for [Anonymous Symbol]
    relai.o(.text.set_range_100k) refers to timer.o(.text.wait_ms) for wait_ms
    relai.o(.ARM.exidx.text.set_range_100k) refers to relai.o(.text.set_range_100k) for [Anonymous Symbol]
    relai.o(.text.set_GND_Relai) refers to timer.o(.text.wait_ms) for wait_ms
    relai.o(.ARM.exidx.text.set_GND_Relai) refers to relai.o(.text.set_GND_Relai) for [Anonymous Symbol]
    relai.o(.text.reset_GND_Relai) refers to timer.o(.text.wait_ms) for wait_ms
    relai.o(.ARM.exidx.text.reset_GND_Relai) refers to relai.o(.text.reset_GND_Relai) for [Anonymous Symbol]
    spi.o(.ARM.exidx.text.spi1_init) refers to spi.o(.text.spi1_init) for [Anonymous Symbol]
    spi.o(.ARM.exidx.text.spi1_set_baud) refers to spi.o(.text.spi1_set_baud) for [Anonymous Symbol]
    spi.o(.ARM.exidx.text.spi1_rx_dma) refers to spi.o(.text.spi1_rx_dma) for [Anonymous Symbol]
    spi.o(.ARM.exidx.text.spi1_transfer16) refers to spi.o(.text.spi1_transfer16) for [Anonymous Symbol]
    spi.o(.ARM.exidx.text.spi1_transfer8) refers to spi.o(.text.spi1_transfer8) for [Anonymous Symbol]
    spi.o(.ARM.exidx.text.spi1_set_8bit) refers to spi.o(.text.spi1_set_8bit) for [Anonymous Symbol]
    spi.o(.ARM.exidx.text.spi1_set_16bit) refers to spi.o(.text.spi1_set_16bit) for [Anonymous Symbol]
    uart.o(.ARM.exidx.text.set_up_uart1) refers to uart.o(.text.set_up_uart1) for [Anonymous Symbol]
    uart.o(.ARM.exidx.text.uart1_Rx_Interupt) refers to uart.o(.text.uart1_Rx_Interupt) for [Anonymous Symbol]
    uart.o(.ARM.exidx.text.uart_put_char) refers to uart.o(.text.uart_put_char) for [Anonymous Symbol]
    uart.o(.text.uart_put_string) refers to uart.o(.text.uart_put_char) for uart_put_char
    uart.o(.ARM.exidx.text.uart_put_string) refers to uart.o(.text.uart_put_string) for [Anonymous Symbol]
    uart.o(.text.uart1_set_baud) refers to system_stm32f10x.o(.data.SystemCoreClock) for SystemCoreClock
    uart.o(.ARM.exidx.text.uart1_set_baud) refers to uart.o(.text.uart1_set_baud) for [Anonymous Symbol]
    nvic.o(.ARM.exidx.text.NVIC_init) refers to nvic.o(.text.NVIC_init) for [Anonymous Symbol]
    pins.o(.ARM.exidx.text.PIN_init) refers to pins.o(.text.PIN_init) for [Anonymous Symbol]
    timer.o(.ARM.exidx.text.wait_ms) refers to timer.o(.text.wait_ms) for [Anonymous Symbol]
    startup_stm32f10x_md.o(STACK) refers (Special) to heapauxi.o(.text) for __use_two_region_memory
    startup_stm32f10x_md.o(HEAP) refers (Special) to heapauxi.o(.text) for __use_two_region_memory
    startup_stm32f10x_md.o(RESET) refers (Special) to heapauxi.o(.text) for __use_two_region_memory
    startup_stm32f10x_md.o(RESET) refers to startup_stm32f10x_md.o(STACK) for __initial_sp
    startup_stm32f10x_md.o(RESET) refers to startup_stm32f10x_md.o(.text) for Reset_Handler
    startup_stm32f10x_md.o(.text) refers (Special) to heapauxi.o(.text) for __use_two_region_memory
    startup_stm32f10x_md.o(.text) refers to system_stm32f10x.o(.text.SystemInit) for SystemInit
    startup_stm32f10x_md.o(.text) refers to __main.o(!!!main) for __main
    startup_stm32f10x_md.o(.text) refers to startup_stm32f10x_md.o(HEAP) for Heap_Mem
    startup_stm32f10x_md.o(.text) refers to startup_stm32f10x_md.o(STACK) for Stack_Mem
    system_stm32f10x.o(.text.SystemInit) refers to system_stm32f10x.o(.text.SetSysClock) for SetSysClock
    system_stm32f10x.o(.ARM.exidx.text.SystemInit) refers to system_stm32f10x.o(.text.SystemInit) for [Anonymous Symbol]
    system_stm32f10x.o(.text.SetSysClock) refers to system_stm32f10x.o(.text.SetSysClockTo48) for SetSysClockTo48
    system_stm32f10x.o(.ARM.exidx.text.SetSysClock) refers to system_stm32f10x.o(.text.SetSysClock) for [Anonymous Symbol]
    system_stm32f10x.o(.text.SystemCoreClockUpdate) refers to system_stm32f10x.o(.data.SystemCoreClock) for SystemCoreClock
    system_stm32f10x.o(.text.SystemCoreClockUpdate) refers to system_stm32f10x.o(.rodata.AHBPrescTable) for AHBPrescTable
    system_stm32f10x.o(.ARM.exidx.text.SystemCoreClockUpdate) refers to system_stm32f10x.o(.text.SystemCoreClockUpdate) for [Anonymous Symbol]
    system_stm32f10x.o(.ARM.exidx.text.SetSysClockTo48) refers to system_stm32f10x.o(.text.SetSysClockTo48) for [Anonymous Symbol]
    __main.o(!!!main) refers to __rtentry.o(.ARM.Collect$$rtentry$$00000000) for __rt_entry
    daddsub_clz.o(x$fpl$dadd) refers (Special) to usenofp.o(x$fpl$usenofp) for __I$use$fp
    daddsub_clz.o(x$fpl$dadd) refers to daddsub_clz.o(x$fpl$dsub) for _dsub1
    daddsub_clz.o(x$fpl$dadd) refers to dretinf.o(x$fpl$dretinf) for __fpl_dretinf
    daddsub_clz.o(x$fpl$dadd) refers to dnaninf.o(x$fpl$dnaninf) for __fpl_dnaninf
    daddsub_clz.o(x$fpl$drsb) refers (Special) to usenofp.o(x$fpl$usenofp) for __I$use$fp
    daddsub_clz.o(x$fpl$drsb) refers to daddsub_clz.o(x$fpl$dadd) for _dadd1
    daddsub_clz.o(x$fpl$drsb) refers to daddsub_clz.o(x$fpl$dsub) for _dsub1
    daddsub_clz.o(x$fpl$dsub) refers (Special) to usenofp.o(x$fpl$usenofp) for __I$use$fp
    daddsub_clz.o(x$fpl$dsub) refers to daddsub_clz.o(x$fpl$dadd) for _dadd1
    daddsub_clz.o(x$fpl$dsub) refers to dnaninf.o(x$fpl$dnaninf) for __fpl_dnaninf
    ddiv.o(x$fpl$drdiv) refers (Special) to usenofp.o(x$fpl$usenofp) for __I$use$fp
    ddiv.o(x$fpl$drdiv) refers to ddiv.o(x$fpl$ddiv) for ddiv_entry
    ddiv.o(x$fpl$ddiv) refers (Special) to usenofp.o(x$fpl$usenofp) for __I$use$fp
    ddiv.o(x$fpl$ddiv) refers to dretinf.o(x$fpl$dretinf) for __fpl_dretinf
    ddiv.o(x$fpl$ddiv) refers to dnaninf.o(x$fpl$dnaninf) for __fpl_dnaninf
    dflt_clz.o(x$fpl$dfltu) refers (Special) to usenofp.o(x$fpl$usenofp) for __I$use$fp
    dflt_clz.o(x$fpl$dflt) refers (Special) to usenofp.o(x$fpl$usenofp) for __I$use$fp
    dflt_clz.o(x$fpl$dfltn) refers (Special) to usenofp.o(x$fpl$usenofp) for __I$use$fp
    dmul.o(x$fpl$dmul) refers (Special) to usenofp.o(x$fpl$usenofp) for __I$use$fp
    dmul.o(x$fpl$dmul) refers to dretinf.o(x$fpl$dretinf) for __fpl_dretinf
    dmul.o(x$fpl$dmul) refers to dnaninf.o(x$fpl$dnaninf) for __fpl_dnaninf
    f2d.o(x$fpl$f2d) refers (Special) to usenofp.o(x$fpl$usenofp) for __I$use$fp
    f2d.o(x$fpl$f2d) refers to fnaninf.o(x$fpl$fnaninf) for __fpl_fnaninf
    f2d.o(x$fpl$f2d) refers to dretinf.o(x$fpl$dretinf) for __fpl_dretinf
    faddsub_clz.o(x$fpl$fadd) refers (Special) to usenofp.o(x$fpl$usenofp) for __I$use$fp
    faddsub_clz.o(x$fpl$fadd) refers to faddsub_clz.o(x$fpl$fsub) for _fsub1
    faddsub_clz.o(x$fpl$fadd) refers to fretinf.o(x$fpl$fretinf) for __fpl_fretinf
    faddsub_clz.o(x$fpl$fadd) refers to fnaninf.o(x$fpl$fnaninf) for __fpl_fnaninf
    faddsub_clz.o(x$fpl$frsb) refers (Special) to usenofp.o(x$fpl$usenofp) for __I$use$fp
    faddsub_clz.o(x$fpl$frsb) refers to faddsub_clz.o(x$fpl$fadd) for _fadd1
    faddsub_clz.o(x$fpl$frsb) refers to faddsub_clz.o(x$fpl$fsub) for _fsub1
    faddsub_clz.o(x$fpl$fsub) refers (Special) to usenofp.o(x$fpl$usenofp) for __I$use$fp
    faddsub_clz.o(x$fpl$fsub) refers to faddsub_clz.o(x$fpl$fadd) for _fadd1
    faddsub_clz.o(x$fpl$fsub) refers to fnaninf.o(x$fpl$fnaninf) for __fpl_fnaninf
    fcmp.o(x$fpl$fcmp) refers (Special) to usenofp.o(x$fpl$usenofp) for __I$use$fp
    fcmp.o(x$fpl$fcmp) refers to feqf.o(x$fpl$feqf) for _fcmpeq
    fcmp.o(x$fpl$fcmp) refers to fgeqf.o(x$fpl$fgeqf) for _fcmpge
    fcmp.o(x$fpl$fcmp) refers to fleqf.o(x$fpl$fleqf) for _fcmple
    ffix.o(x$fpl$ffix) refers (Special) to usenofp.o(x$fpl$usenofp) for __I$use$fp
    ffix.o(x$fpl$ffix) refers to fnaninf.o(x$fpl$fnaninf) for __fpl_fnaninf
    ffix.o(x$fpl$ffixr) refers (Special) to usenofp.o(x$fpl$usenofp) for __I$use$fp
    ffix.o(x$fpl$ffixr) refers to fnaninf.o(x$fpl$fnaninf) for __fpl_fnaninf
    fflt_clz.o(x$fpl$ffltu) refers (Special) to usenofp.o(x$fpl$usenofp) for __I$use$fp
    fflt_clz.o(x$fpl$fflt) refers (Special) to usenofp.o(x$fpl$usenofp) for __I$use$fp
    fflt_clz.o(x$fpl$ffltn) refers (Special) to usenofp.o(x$fpl$usenofp) for __I$use$fp
    fmul.o(x$fpl$fmul) refers (Special) to usenofp.o(x$fpl$usenofp) for __I$use$fp
    fmul.o(x$fpl$fmul) refers to fretinf.o(x$fpl$fretinf) for __fpl_fretinf
    fmul.o(x$fpl$fmul) refers to fnaninf.o(x$fpl$fnaninf) for __fpl_fnaninf
    __rtentry.o(.ARM.Collect$$rtentry$$00000000) refers (Special) to __rtentry2.o(.ARM.Collect$$rtentry$$0000000A) for __rt_entry_li
    __rtentry.o(.ARM.Collect$$rtentry$$00000000) refers (Special) to __rtentry2.o(.ARM.Collect$$rtentry$$0000000D) for __rt_entry_main
    __rtentry.o(.ARM.Collect$$rtentry$$00000000) refers (Special) to __rtentry2.o(.ARM.Collect$$rtentry$$0000000C) for __rt_entry_postli_1
    __rtentry.o(.ARM.Collect$$rtentry$$00000000) refers (Special) to __rtentry2.o(.ARM.Collect$$rtentry$$00000009) for __rt_entry_postsh_1
    __rtentry.o(.ARM.Collect$$rtentry$$00000000) refers (Special) to __rtentry2.o(.ARM.Collect$$rtentry$$00000002) for __rt_entry_presh_1
    __rtentry.o(.ARM.Collect$$rtentry$$00000000) refers (Special) to __rtentry4.o(.ARM.Collect$$rtentry$$00000004) for __rt_entry_sh
    dnaninf.o(x$fpl$dnaninf) refers (Special) to usenofp.o(x$fpl$usenofp) for __I$use$fp
    dretinf.o(x$fpl$dretinf) refers (Special) to usenofp.o(x$fpl$usenofp) for __I$use$fp
    feqf.o(x$fpl$feqf) refers (Special) to usenofp.o(x$fpl$usenofp) for __I$use$fp
    feqf.o(x$fpl$feqf) refers to fnaninf.o(x$fpl$fnaninf) for __fpl_fnaninf
    feqf.o(x$fpl$feqf) refers to fcmpi.o(x$fpl$fcmpinf) for __fpl_fcmp_Inf
    fgeqf.o(x$fpl$fgeqf) refers (Special) to usenofp.o(x$fpl$usenofp) for __I$use$fp
    fgeqf.o(x$fpl$fgeqf) refers to fnaninf.o(x$fpl$fnaninf) for __fpl_fnaninf
    fgeqf.o(x$fpl$fgeqf) refers to fcmpi.o(x$fpl$fcmpinf) for __fpl_fcmp_Inf
    fleqf.o(x$fpl$fleqf) refers (Special) to usenofp.o(x$fpl$usenofp) for __I$use$fp
    fleqf.o(x$fpl$fleqf) refers to fnaninf.o(x$fpl$fnaninf) for __fpl_fnaninf
    fleqf.o(x$fpl$fleqf) refers to fcmpi.o(x$fpl$fcmpinf) for __fpl_fcmp_Inf
    fnaninf.o(x$fpl$fnaninf) refers (Special) to usenofp.o(x$fpl$usenofp) for __I$use$fp
    fretinf.o(x$fpl$fretinf) refers (Special) to usenofp.o(x$fpl$usenofp) for __I$use$fp
    __rtentry2.o(.ARM.Collect$$rtentry$$00000008) refers to boardinit2.o(.text) for _platform_post_stackheap_init
    __rtentry2.o(.ARM.Collect$$rtentry$$0000000A) refers to libinit.o(.ARM.Collect$$libinit$$00000000) for __rt_lib_init
    __rtentry2.o(.ARM.Collect$$rtentry$$0000000B) refers to boardinit3.o(.text) for _platform_post_lib_init
    __rtentry2.o(.ARM.Collect$$rtentry$$0000000D) refers to main.o(.text.main) for main
    __rtentry2.o(.ARM.Collect$$rtentry$$0000000D) refers to exit.o(.text) for exit
    __rtentry2.o(.ARM.exidx) refers to __rtentry2.o(.ARM.Collect$$rtentry$$00000001) for .ARM.Collect$$rtentry$$00000001
    __rtentry2.o(.ARM.exidx) refers to __rtentry2.o(.ARM.Collect$$rtentry$$00000008) for .ARM.Collect$$rtentry$$00000008
    __rtentry2.o(.ARM.exidx) refers to __rtentry2.o(.ARM.Collect$$rtentry$$0000000A) for .ARM.Collect$$rtentry$$0000000A
    __rtentry2.o(.ARM.exidx) refers to __rtentry2.o(.ARM.Collect$$rtentry$$0000000B) for .ARM.Collect$$rtentry$$0000000B
    __rtentry2.o(.ARM.exidx) refers to __rtentry2.o(.ARM.Collect$$rtentry$$0000000D) for .ARM.Collect$$rtentry$$0000000D
    __rtentry4.o(.ARM.Collect$$rtentry$$00000004) refers to sys_stackheap_outer.o(.text) for __user_setup_stackheap
    __rtentry4.o(.ARM.exidx) refers to __rtentry4.o(.ARM.Collect$$rtentry$$00000004) for .ARM.Collect$$rtentry$$00000004
    fcmpi.o(x$fpl$fcmpinf) refers (Special) to usenofp.o(x$fpl$usenofp) for __I$use$fp
    sys_stackheap_outer.o(.text) refers to libspace.o(.text) for __user_perproc_libspace
    sys_stackheap_outer.o(.text) refers to startup_stm32f10x_md.o(.text) for __user_initial_stackheap
    exit.o(.text) refers to rtexit.o(.ARM.Collect$$rtexit$$00000000) for __rt_exit
    libinit.o(.ARM.Collect$$libinit$$00000000) refers (Special) to libinit2.o(.ARM.Collect$$libinit$$00000030) for __rt_lib_init_alloca_1
    libinit.o(.ARM.Collect$$libinit$$00000000) refers (Special) to libinit2.o(.ARM.Collect$$libinit$$0000002E) for __rt_lib_init_argv_1
    libinit.o(.ARM.Collect$$libinit$$00000000) refers (Special) to libinit2.o(.ARM.Collect$$libinit$$0000001D) for __rt_lib_init_atexit_1
    libinit.o(.ARM.Collect$$libinit$$00000000) refers (Special) to libinit2.o(.ARM.Collect$$libinit$$00000023) for __rt_lib_init_clock_1
    libinit.o(.ARM.Collect$$libinit$$00000000) refers (Special) to libinit2.o(.ARM.Collect$$libinit$$00000034) for __rt_lib_init_cpp_1
    libinit.o(.ARM.Collect$$libinit$$00000000) refers (Special) to libinit2.o(.ARM.Collect$$libinit$$00000032) for __rt_lib_init_exceptions_1
    libinit.o(.ARM.Collect$$libinit$$00000000) refers (Special) to libinit2.o(.ARM.Collect$$libinit$$00000002) for __rt_lib_init_fp_1
    libinit.o(.ARM.Collect$$libinit$$00000000) refers (Special) to libinit2.o(.ARM.Collect$$libinit$$00000021) for __rt_lib_init_fp_trap_1
    libinit.o(.ARM.Collect$$libinit$$00000000) refers (Special) to libinit2.o(.ARM.Collect$$libinit$$00000025) for __rt_lib_init_getenv_1
    libinit.o(.ARM.Collect$$libinit$$00000000) refers (Special) to libinit2.o(.ARM.Collect$$libinit$$0000000C) for __rt_lib_init_heap_1
    libinit.o(.ARM.Collect$$libinit$$00000000) refers (Special) to libinit2.o(.ARM.Collect$$libinit$$00000013) for __rt_lib_init_lc_collate_1
    libinit.o(.ARM.Collect$$libinit$$00000000) refers (Special) to libinit2.o(.ARM.Collect$$libinit$$00000015) for __rt_lib_init_lc_ctype_1
    libinit.o(.ARM.Collect$$libinit$$00000000) refers (Special) to libinit2.o(.ARM.Collect$$libinit$$00000017) for __rt_lib_init_lc_monetary_1
    libinit.o(.ARM.Collect$$libinit$$00000000) refers (Special) to libinit2.o(.ARM.Collect$$libinit$$00000019) for __rt_lib_init_lc_numeric_1
    libinit.o(.ARM.Collect$$libinit$$00000000) refers (Special) to libinit2.o(.ARM.Collect$$libinit$$0000001B) for __rt_lib_init_lc_time_1
    libinit.o(.ARM.Collect$$libinit$$00000000) refers (Special) to libinit2.o(.ARM.Collect$$libinit$$00000006) for __rt_lib_init_preinit_1
    libinit.o(.ARM.Collect$$libinit$$00000000) refers (Special) to libinit2.o(.ARM.Collect$$libinit$$00000010) for __rt_lib_init_rand_1
    libinit.o(.ARM.Collect$$libinit$$00000000) refers (Special) to libinit2.o(.ARM.Collect$$libinit$$00000004) for __rt_lib_init_relocate_pie_1
    libinit.o(.ARM.Collect$$libinit$$00000000) refers (Special) to libinit2.o(.ARM.Collect$$libinit$$00000035) for __rt_lib_init_return
    libinit.o(.ARM.Collect$$libinit$$00000000) refers (Special) to libinit2.o(.ARM.Collect$$libinit$$0000001F) for __rt_lib_init_signal_1
    libinit.o(.ARM.Collect$$libinit$$00000000) refers (Special) to libinit2.o(.ARM.Collect$$libinit$$00000027) for __rt_lib_init_stdio_1
    libinit.o(.ARM.Collect$$libinit$$00000000) refers (Special) to libinit2.o(.ARM.Collect$$libinit$$0000000E) for __rt_lib_init_user_alloc_1
    libspace.o(.text) refers to libspace.o(.bss) for __libspace_start
    rtexit.o(.ARM.Collect$$rtexit$$00000000) refers (Special) to rtexit2.o(.ARM.Collect$$rtexit$$00000004) for __rt_exit_exit
    rtexit.o(.ARM.Collect$$rtexit$$00000000) refers (Special) to rtexit2.o(.ARM.Collect$$rtexit$$00000003) for __rt_exit_ls
    rtexit.o(.ARM.Collect$$rtexit$$00000000) refers (Special) to rtexit2.o(.ARM.Collect$$rtexit$$00000002) for __rt_exit_prels_1
    rtexit.o(.ARM.exidx) refers (Special) to rtexit2.o(.ARM.Collect$$rtexit$$00000004) for __rt_exit_exit
    rtexit.o(.ARM.exidx) refers (Special) to rtexit2.o(.ARM.Collect$$rtexit$$00000003) for __rt_exit_ls
    rtexit.o(.ARM.exidx) refers (Special) to rtexit2.o(.ARM.Collect$$rtexit$$00000002) for __rt_exit_prels_1
    rtexit.o(.ARM.exidx) refers to rtexit.o(.ARM.Collect$$rtexit$$00000000) for .ARM.Collect$$rtexit$$00000000
    libinit2.o(.ARM.Collect$$libinit$$00000012) refers to libinit2.o(.ARM.Collect$$libinit$$00000011) for .ARM.Collect$$libinit$$00000011
    libinit2.o(.ARM.Collect$$libinit$$00000014) refers to libinit2.o(.ARM.Collect$$libinit$$00000011) for .ARM.Collect$$libinit$$00000011
    libinit2.o(.ARM.Collect$$libinit$$00000016) refers to libinit2.o(.ARM.Collect$$libinit$$00000011) for .ARM.Collect$$libinit$$00000011
    libinit2.o(.ARM.Collect$$libinit$$00000018) refers to libinit2.o(.ARM.Collect$$libinit$$00000011) for .ARM.Collect$$libinit$$00000011
    libinit2.o(.ARM.Collect$$libinit$$0000001A) refers to libinit2.o(.ARM.Collect$$libinit$$00000011) for .ARM.Collect$$libinit$$00000011
    libinit2.o(.ARM.Collect$$libinit$$00000028) refers to argv_veneer.o(.emb_text) for __ARM_argv_veneer
    libinit2.o(.ARM.Collect$$libinit$$00000029) refers to argv_veneer.o(.emb_text) for __ARM_argv_veneer
    rtexit2.o(.ARM.Collect$$rtexit$$00000003) refers to libshutdown.o(.ARM.Collect$$libshutdown$$00000000) for __rt_lib_shutdown
    rtexit2.o(.ARM.Collect$$rtexit$$00000004) refers to sys_exit.o(.text) for _sys_exit
    rtexit2.o(.ARM.exidx) refers to rtexit2.o(.ARM.Collect$$rtexit$$00000001) for .ARM.Collect$$rtexit$$00000001
    rtexit2.o(.ARM.exidx) refers to rtexit2.o(.ARM.Collect$$rtexit$$00000003) for .ARM.Collect$$rtexit$$00000003
    rtexit2.o(.ARM.exidx) refers to rtexit2.o(.ARM.Collect$$rtexit$$00000004) for .ARM.Collect$$rtexit$$00000004
    argv_veneer.o(.emb_text) refers to no_argv.o(.text) for __ARM_get_argv
    sys_exit.o(.text) refers (Special) to use_no_semi.o(.text) for __I$use$semihosting
    sys_exit.o(.text) refers (Special) to indicate_semi.o(.text) for __semihosting_library_function
    sys_exit_hlt.o(.text) refers (Special) to use_no_semi.o(.text) for __I$use$semihosting
    sys_exit_hlt.o(.text) refers (Special) to indicate_semi.o(.text) for __semihosting_library_function
    _get_argv_nomalloc.o(.text) refers (Special) to hrguard.o(.text) for __heap_region$guard
    _get_argv_nomalloc.o(.text) refers to defsig_rtmem_outer.o(.text) for __rt_SIGRTMEM
    _get_argv_nomalloc.o(.text) refers to sys_command.o(.text) for _sys_command_string
    libshutdown.o(.ARM.Collect$$libshutdown$$00000000) refers (Special) to libshutdown2.o(.ARM.Collect$$libshutdown$$00000002) for __rt_lib_shutdown_cpp_1
    libshutdown.o(.ARM.Collect$$libshutdown$$00000000) refers (Special) to libshutdown2.o(.ARM.Collect$$libshutdown$$00000007) for __rt_lib_shutdown_fp_trap_1
    libshutdown.o(.ARM.Collect$$libshutdown$$00000000) refers (Special) to libshutdown2.o(.ARM.Collect$$libshutdown$$0000000F) for __rt_lib_shutdown_heap_1
    libshutdown.o(.ARM.Collect$$libshutdown$$00000000) refers (Special) to libshutdown2.o(.ARM.Collect$$libshutdown$$00000010) for __rt_lib_shutdown_return
    libshutdown.o(.ARM.Collect$$libshutdown$$00000000) refers (Special) to libshutdown2.o(.ARM.Collect$$libshutdown$$0000000A) for __rt_lib_shutdown_signal_1
    libshutdown.o(.ARM.Collect$$libshutdown$$00000000) refers (Special) to libshutdown2.o(.ARM.Collect$$libshutdown$$00000004) for __rt_lib_shutdown_stdio_1
    libshutdown.o(.ARM.Collect$$libshutdown$$00000000) refers (Special) to libshutdown2.o(.ARM.Collect$$libshutdown$$0000000C) for __rt_lib_shutdown_user_alloc_1
    sys_command.o(.text) refers (Special) to use_no_semi.o(.text) for __I$use$semihosting
    sys_command.o(.text) refers (Special) to indicate_semi.o(.text) for __semihosting_library_function
    sys_command_hlt.o(.text) refers (Special) to use_no_semi.o(.text) for __I$use$semihosting
    sys_command_hlt.o(.text) refers (Special) to indicate_semi.o(.text) for __semihosting_library_function
    defsig_rtmem_outer.o(.text) refers to defsig_rtmem_inner.o(.text) for __rt_SIGRTMEM_inner
    defsig_rtmem_outer.o(.text) refers to defsig_exit.o(.text) for __sig_exit
    defsig_rtmem_formal.o(.text) refers to rt_raise.o(.text) for __rt_raise
    rt_raise.o(.text) refers to __raise.o(.text) for __raise
    rt_raise.o(.text) refers to sys_exit.o(.text) for _sys_exit
    defsig_exit.o(.text) refers to sys_exit.o(.text) for _sys_exit
    defsig_rtmem_inner.o(.text) refers to defsig_general.o(.text) for __default_signal_display
    __raise.o(.text) refers to defsig.o(CL$$defsig) for __default_signal_handler
    defsig_general.o(.text) refers to sys_wrch.o(.text) for _ttywrch
    sys_wrch.o(.text) refers (Special) to use_no_semi.o(.text) for __I$use$semihosting
    sys_wrch.o(.text) refers (Special) to indicate_semi.o(.text) for __semihosting_library_function
    sys_wrch_hlt.o(.text) refers (Special) to use_no_semi.o(.text) for __I$use$semihosting
    sys_wrch_hlt.o(.text) refers (Special) to indicate_semi.o(.text) for __semihosting_library_function
    defsig.o(CL$$defsig) refers to defsig_rtmem_inner.o(.text) for __rt_SIGRTMEM_inner
    defsig_abrt_inner.o(.text) refers to defsig_general.o(.text) for __default_signal_display
    defsig_fpe_inner.o(.text) refers to defsig_general.o(.text) for __default_signal_display
    defsig_rtred_inner.o(.text) refers to defsig_general.o(.text) for __default_signal_display
    defsig_stak_inner.o(.text) refers to defsig_general.o(.text) for __default_signal_display
    defsig_pvfn_inner.o(.text) refers to defsig_general.o(.text) for __default_signal_display
    defsig_cppl_inner.o(.text) refers to defsig_general.o(.text) for __default_signal_display
    defsig_segv_inner.o(.text) refers to defsig_general.o(.text) for __default_signal_display
    defsig_other.o(.text) refers to defsig_general.o(.text) for __default_signal_display


==============================================================================

Removing Unused input sections from the image.

    Removing ads8681.o(.text), (0 bytes).
    Removing ads8681.o(.text.ADS8681_transfer_frame), (66 bytes).
    Removing ads8681.o(.ARM.exidx.text.ADS8681_transfer_frame), (8 bytes).
    Removing ads8681.o(.text.ADS8681_send_Command_blocking), (66 bytes).
    Removing ads8681.o(.ARM.exidx.text.ADS8681_send_Command_blocking), (8 bytes).
    Removing ads8681.o(.text.ADS8681_init), (112 bytes).
    Removing ads8681.o(.ARM.exidx.text.ADS8681_init), (8 bytes).
    Removing ads8681.o(.text.ADS8681_get_VOLT), (70 bytes).
    Removing ads8681.o(.ARM.exidx.text.ADS8681_get_VOLT), (8 bytes).
    Removing scpi_commands.o(.text), (0 bytes).
    Removing scpi_commands.o(.text.uart1_init), (8 bytes).
    Removing scpi_commands.o(.ARM.exidx.text.uart1_init), (8 bytes).
    Removing scpi_commands.o(.text.uart1_put_char), (20 bytes).
    Removing scpi_commands.o(.ARM.exidx.text.uart1_put_char), (8 bytes).
    Removing scpi_commands.o(.text.uart1_put_string), (16 bytes).
    Removing scpi_commands.o(.ARM.exidx.text.uart1_put_string), (8 bytes).
    Removing scpi_commands.o(.ARM.exidx.text.uart1_put_int), (8 bytes).
    Removing scpi_commands.o(.ARM.exidx.text.uart1_put_float), (8 bytes).
    Removing scpi_commands.o(.ARM.exidx.text.scpi_reset), (8 bytes).
    Removing scpi_commands.o(.ARM.exidx.text.scpi_set_source_range), (8 bytes).
    Removing scpi_commands.o(.ARM.exidx.text.scpi_set_source_prot), (8 bytes).
    Removing scpi_commands.o(.ARM.exidx.text.scpi_set_source_voltage), (8 bytes).
    Removing scpi_commands.o(.ARM.exidx.text.scpi_set_source_output), (8 bytes).
    Removing scpi_commands.o(.ARM.exidx.text.scpi_set_sense_range), (8 bytes).
    Removing scpi_commands.o(.ARM.exidx.text.scpi_set_sense_autorange), (8 bytes).
    Removing scpi_commands.o(.ARM.exidx.text.scpi_start_measurement), (8 bytes).
    Removing scpi_commands.o(.ARM.exidx.text.scpi_stop_measurement), (8 bytes).
    Removing ad5689.o(.text), (0 bytes).
    Removing ad5689.o(.text.AD5689_SEND_COMMAND_BLOCKING), (130 bytes).
    Removing ad5689.o(.ARM.exidx.text.AD5689_SEND_COMMAND_BLOCKING), (8 bytes).
    Removing ad5689.o(.text.AD5689_transfer_frame), (88 bytes).
    Removing ad5689.o(.ARM.exidx.text.AD5689_transfer_frame), (8 bytes).
    Removing main.o(.text), (0 bytes).
    Removing main.o(.ARM.exidx.text.main), (8 bytes).
    Removing main.o(.ARM.use_no_argv), (4 bytes).
    Removing relai.o(.text), (0 bytes).
    Removing relai.o(.text.set_range_10meg), (34 bytes).
    Removing relai.o(.ARM.exidx.text.set_range_10meg), (8 bytes).
    Removing relai.o(.text.set_range_100k), (34 bytes).
    Removing relai.o(.ARM.exidx.text.set_range_100k), (8 bytes).
    Removing relai.o(.text.set_GND_Relai), (38 bytes).
    Removing relai.o(.ARM.exidx.text.set_GND_Relai), (8 bytes).
    Removing relai.o(.text.reset_GND_Relai), (38 bytes).
    Removing relai.o(.ARM.exidx.text.reset_GND_Relai), (8 bytes).
    Removing spi.o(.text), (0 bytes).
    Removing spi.o(.text.spi1_init), (118 bytes).
    Removing spi.o(.ARM.exidx.text.spi1_init), (8 bytes).
    Removing spi.o(.text.spi1_set_baud), (84 bytes).
    Removing spi.o(.ARM.exidx.text.spi1_set_baud), (8 bytes).
    Removing spi.o(.text.spi1_rx_dma), (56 bytes).
    Removing spi.o(.ARM.exidx.text.spi1_rx_dma), (8 bytes).
    Removing spi.o(.text.spi1_transfer16), (106 bytes).
    Removing spi.o(.ARM.exidx.text.spi1_transfer16), (8 bytes).
    Removing spi.o(.text.spi1_transfer8), (106 bytes).
    Removing spi.o(.ARM.exidx.text.spi1_transfer8), (8 bytes).
    Removing spi.o(.text.spi1_set_8bit), (56 bytes).
    Removing spi.o(.ARM.exidx.text.spi1_set_8bit), (8 bytes).
    Removing spi.o(.text.spi1_set_16bit), (56 bytes).
    Removing spi.o(.ARM.exidx.text.spi1_set_16bit), (8 bytes).
    Removing uart.o(.text), (0 bytes).
    Removing uart.o(.ARM.exidx.text.set_up_uart1), (8 bytes).
    Removing uart.o(.text.uart1_Rx_Interupt), (56 bytes).
    Removing uart.o(.ARM.exidx.text.uart1_Rx_Interupt), (8 bytes).
    Removing uart.o(.ARM.exidx.text.uart_put_char), (8 bytes).
    Removing uart.o(.ARM.exidx.text.uart_put_string), (8 bytes).
    Removing uart.o(.text.uart1_set_baud), (48 bytes).
    Removing uart.o(.ARM.exidx.text.uart1_set_baud), (8 bytes).
    Removing nvic.o(.text), (0 bytes).
    Removing nvic.o(.text.NVIC_init), (106 bytes).
    Removing nvic.o(.ARM.exidx.text.NVIC_init), (8 bytes).
    Removing pins.o(.text), (0 bytes).
    Removing pins.o(.ARM.exidx.text.PIN_init), (8 bytes).
    Removing timer.o(.text), (0 bytes).
    Removing timer.o(.ARM.exidx.text.wait_ms), (8 bytes).
    Removing system_stm32f10x.o(.text), (0 bytes).
    Removing system_stm32f10x.o(.ARM.exidx.text.SystemInit), (8 bytes).
    Removing system_stm32f10x.o(.ARM.exidx.text.SetSysClock), (8 bytes).
    Removing system_stm32f10x.o(.text.SystemCoreClockUpdate), (290 bytes).
    Removing system_stm32f10x.o(.ARM.exidx.text.SystemCoreClockUpdate), (8 bytes).
    Removing system_stm32f10x.o(.ARM.exidx.text.SetSysClockTo48), (8 bytes).
    Removing system_stm32f10x.o(.data.SystemCoreClock), (4 bytes).
    Removing system_stm32f10x.o(.rodata.AHBPrescTable), (16 bytes).

82 unused section(s) (total 2178 bytes) removed from the image.

==============================================================================

Image Symbol Table

    Local Symbols

    Symbol Name                              Value     Ov Type        Size  Object(Section)

    ../clib/angel/boardlib.s                 0x00000000   Number         0  boardinit1.o ABSOLUTE
    ../clib/angel/boardlib.s                 0x00000000   Number         0  boardinit2.o ABSOLUTE
    ../clib/angel/boardlib.s                 0x00000000   Number         0  boardinit3.o ABSOLUTE
    ../clib/angel/boardlib.s                 0x00000000   Number         0  boardshut.o ABSOLUTE
    ../clib/angel/handlers.s                 0x00000000   Number         0  __scatter_zi.o ABSOLUTE
    ../clib/angel/kernel.s                   0x00000000   Number         0  __rtentry.o ABSOLUTE
    ../clib/angel/kernel.s                   0x00000000   Number         0  __rtentry2.o ABSOLUTE
    ../clib/angel/kernel.s                   0x00000000   Number         0  __rtentry4.o ABSOLUTE
    ../clib/angel/kernel.s                   0x00000000   Number         0  rtexit.o ABSOLUTE
    ../clib/angel/kernel.s                   0x00000000   Number         0  rtexit2.o ABSOLUTE
    ../clib/angel/rt.s                       0x00000000   Number         0  rt_raise.o ABSOLUTE
    ../clib/angel/scatter.s                  0x00000000   Number         0  __scatter.o ABSOLUTE
    ../clib/angel/startup.s                  0x00000000   Number         0  __main.o ABSOLUTE
    ../clib/angel/sys.s                      0x00000000   Number         0  sys_stackheap_outer.o ABSOLUTE
    ../clib/angel/sys.s                      0x00000000   Number         0  libspace.o ABSOLUTE
    ../clib/angel/sys.s                      0x00000000   Number         0  use_no_semi.o ABSOLUTE
    ../clib/angel/sys.s                      0x00000000   Number         0  indicate_semi.o ABSOLUTE
    ../clib/angel/sysapp.c                   0x00000000   Number         0  sys_exit.o ABSOLUTE
    ../clib/angel/sysapp.c                   0x00000000   Number         0  sys_exit_hlt.o ABSOLUTE
    ../clib/angel/sysapp.c                   0x00000000   Number         0  sys_command.o ABSOLUTE
    ../clib/angel/sysapp.c                   0x00000000   Number         0  sys_command_hlt.o ABSOLUTE
    ../clib/angel/sysapp.c                   0x00000000   Number         0  sys_wrch.o ABSOLUTE
    ../clib/angel/sysapp.c                   0x00000000   Number         0  sys_wrch_hlt.o ABSOLUTE
    ../clib/armsys.c                         0x00000000   Number         0  argv_veneer.o ABSOLUTE
    ../clib/armsys.c                         0x00000000   Number         0  argv_veneer.o ABSOLUTE
    ../clib/armsys.c                         0x00000000   Number         0  _get_argv_nomalloc.o ABSOLUTE
    ../clib/armsys.c                         0x00000000   Number         0  no_argv.o ABSOLUTE
    ../clib/heapalloc.c                      0x00000000   Number         0  hrguard.o ABSOLUTE
    ../clib/heapaux.c                        0x00000000   Number         0  heapauxi.o ABSOLUTE
    ../clib/libinit.s                        0x00000000   Number         0  libinit.o ABSOLUTE
    ../clib/libinit.s                        0x00000000   Number         0  libinit2.o ABSOLUTE
    ../clib/libinit.s                        0x00000000   Number         0  libshutdown.o ABSOLUTE
    ../clib/libinit.s                        0x00000000   Number         0  libshutdown2.o ABSOLUTE
    ../clib/signal.c                         0x00000000   Number         0  defsig_rtmem_outer.o ABSOLUTE
    ../clib/signal.c                         0x00000000   Number         0  defsig_rtmem_formal.o ABSOLUTE
    ../clib/signal.c                         0x00000000   Number         0  defsig_exit.o ABSOLUTE
    ../clib/signal.c                         0x00000000   Number         0  defsig_rtmem_inner.o ABSOLUTE
    ../clib/signal.c                         0x00000000   Number         0  __raise.o ABSOLUTE
    ../clib/signal.c                         0x00000000   Number         0  defsig_general.o ABSOLUTE
    ../clib/signal.c                         0x00000000   Number         0  defsig_abrt_inner.o ABSOLUTE
    ../clib/signal.c                         0x00000000   Number         0  defsig_fpe_inner.o ABSOLUTE
    ../clib/signal.c                         0x00000000   Number         0  defsig_rtred_inner.o ABSOLUTE
    ../clib/signal.c                         0x00000000   Number         0  defsig_stak_inner.o ABSOLUTE
    ../clib/signal.c                         0x00000000   Number         0  defsig_pvfn_inner.o ABSOLUTE
    ../clib/signal.c                         0x00000000   Number         0  defsig_cppl_inner.o ABSOLUTE
    ../clib/signal.c                         0x00000000   Number         0  defsig_segv_inner.o ABSOLUTE
    ../clib/signal.c                         0x00000000   Number         0  defsig_other.o ABSOLUTE
    ../clib/signal.s                         0x00000000   Number         0  defsig.o ABSOLUTE
    ../clib/stdlib.c                         0x00000000   Number         0  exit.o ABSOLUTE
    ../fplib/daddsub.s                       0x00000000   Number         0  daddsub_clz.o ABSOLUTE
    ../fplib/ddiv.s                          0x00000000   Number         0  ddiv.o ABSOLUTE
    ../fplib/dflt.s                          0x00000000   Number         0  dflt_clz.o ABSOLUTE
    ../fplib/dmul.s                          0x00000000   Number         0  dmul.o ABSOLUTE
    ../fplib/dnaninf.s                       0x00000000   Number         0  dnaninf.o ABSOLUTE
    ../fplib/dretinf.s                       0x00000000   Number         0  dretinf.o ABSOLUTE
    ../fplib/f2d.s                           0x00000000   Number         0  f2d.o ABSOLUTE
    ../fplib/faddsub.s                       0x00000000   Number         0  faddsub_clz.o ABSOLUTE
    ../fplib/fcmp.s                          0x00000000   Number         0  fcmp.o ABSOLUTE
    ../fplib/fcmpi.s                         0x00000000   Number         0  fcmpi.o ABSOLUTE
    ../fplib/feqf.s                          0x00000000   Number         0  feqf.o ABSOLUTE
    ../fplib/ffix.s                          0x00000000   Number         0  ffix.o ABSOLUTE
    ../fplib/fflt.s                          0x00000000   Number         0  fflt_clz.o ABSOLUTE
    ../fplib/fgeqf.s                         0x00000000   Number         0  fgeqf.o ABSOLUTE
    ../fplib/fleqf.s                         0x00000000   Number         0  fleqf.o ABSOLUTE
    ../fplib/fmul.s                          0x00000000   Number         0  fmul.o ABSOLUTE
    ../fplib/fnaninf.s                       0x00000000   Number         0  fnaninf.o ABSOLUTE
    ../fplib/fpinit.s                        0x00000000   Number         0  fpinit.o ABSOLUTE
    ../fplib/fpinit_empty.s                  0x00000000   Number         0  fpinit_empty.o ABSOLUTE
    ../fplib/fretinf.s                       0x00000000   Number         0  fretinf.o ABSOLUTE
    ../fplib/usenofp.s                       0x00000000   Number         0  usenofp.o ABSOLUTE
    AD5689.c                                 0x00000000   Number         0  ad5689.o ABSOLUTE
    NVIC.c                                   0x00000000   Number         0  nvic.o ABSOLUTE
    PINs.c                                   0x00000000   Number         0  pins.o ABSOLUTE
    RTE/Device/STM32F103RB/startup_stm32f10x_md.s 0x00000000   Number         0  startup_stm32f10x_md.o ABSOLUTE
    SCPI_COMMANDS.c                          0x00000000   Number         0  scpi_commands.o ABSOLUTE
    SPI.c                                    0x00000000   Number         0  spi.o ABSOLUTE
    TIMER.c                                  0x00000000   Number         0  timer.o ABSOLUTE
    UART.c                                   0x00000000   Number         0  uart.o ABSOLUTE
    ads8681.c                                0x00000000   Number         0  ads8681.o ABSOLUTE
    dc.s                                     0x00000000   Number         0  dc.o ABSOLUTE
    main.c                                   0x00000000   Number         0  main.o ABSOLUTE
    relai.c                                  0x00000000   Number         0  relai.o ABSOLUTE
    system_stm32f10x.c                       0x00000000   Number         0  system_stm32f10x.o ABSOLUTE
    RESET                                    0x08000000   Section      236  startup_stm32f10x_md.o(RESET)
    !!!main                                  0x080000ec   Section        8  __main.o(!!!main)
    !!!scatter                               0x080000f4   Section       52  __scatter.o(!!!scatter)
    !!handler_zi                             0x08000128   Section       28  __scatter_zi.o(!!handler_zi)
    .ARM.Collect$$libinit$$00000000          0x08000144   Section        2  libinit.o(.ARM.Collect$$libinit$$00000000)
    .ARM.Collect$$libinit$$00000002          0x08000146   Section        0  libinit2.o(.ARM.Collect$$libinit$$00000002)
    .ARM.Collect$$libinit$$00000004          0x08000146   Section        0  libinit2.o(.ARM.Collect$$libinit$$00000004)
    .ARM.Collect$$libinit$$00000006          0x08000146   Section        0  libinit2.o(.ARM.Collect$$libinit$$00000006)
    .ARM.Collect$$libinit$$0000000C          0x08000146   Section        0  libinit2.o(.ARM.Collect$$libinit$$0000000C)
    .ARM.Collect$$libinit$$0000000E          0x08000146   Section        0  libinit2.o(.ARM.Collect$$libinit$$0000000E)
    .ARM.Collect$$libinit$$00000010          0x08000146   Section        0  libinit2.o(.ARM.Collect$$libinit$$00000010)
    .ARM.Collect$$libinit$$00000013          0x08000146   Section        0  libinit2.o(.ARM.Collect$$libinit$$00000013)
    .ARM.Collect$$libinit$$00000015          0x08000146   Section        0  libinit2.o(.ARM.Collect$$libinit$$00000015)
    .ARM.Collect$$libinit$$00000017          0x08000146   Section        0  libinit2.o(.ARM.Collect$$libinit$$00000017)
    .ARM.Collect$$libinit$$00000019          0x08000146   Section        0  libinit2.o(.ARM.Collect$$libinit$$00000019)
    .ARM.Collect$$libinit$$0000001B          0x08000146   Section        0  libinit2.o(.ARM.Collect$$libinit$$0000001B)
    .ARM.Collect$$libinit$$0000001D          0x08000146   Section        0  libinit2.o(.ARM.Collect$$libinit$$0000001D)
    .ARM.Collect$$libinit$$0000001F          0x08000146   Section        0  libinit2.o(.ARM.Collect$$libinit$$0000001F)
    .ARM.Collect$$libinit$$00000021          0x08000146   Section        0  libinit2.o(.ARM.Collect$$libinit$$00000021)
    .ARM.Collect$$libinit$$00000023          0x08000146   Section        0  libinit2.o(.ARM.Collect$$libinit$$00000023)
    .ARM.Collect$$libinit$$00000025          0x08000146   Section        0  libinit2.o(.ARM.Collect$$libinit$$00000025)
    .ARM.Collect$$libinit$$00000027          0x08000146   Section        0  libinit2.o(.ARM.Collect$$libinit$$00000027)
    .ARM.Collect$$libinit$$0000002E          0x08000146   Section        0  libinit2.o(.ARM.Collect$$libinit$$0000002E)
    .ARM.Collect$$libinit$$00000030          0x08000146   Section        0  libinit2.o(.ARM.Collect$$libinit$$00000030)
    .ARM.Collect$$libinit$$00000032          0x08000146   Section        0  libinit2.o(.ARM.Collect$$libinit$$00000032)
    .ARM.Collect$$libinit$$00000034          0x08000146   Section        0  libinit2.o(.ARM.Collect$$libinit$$00000034)
    .ARM.Collect$$libinit$$00000035          0x08000146   Section        2  libinit2.o(.ARM.Collect$$libinit$$00000035)
    .ARM.Collect$$libshutdown$$00000000      0x08000148   Section        2  libshutdown.o(.ARM.Collect$$libshutdown$$00000000)
    .ARM.Collect$$libshutdown$$00000002      0x0800014a   Section        0  libshutdown2.o(.ARM.Collect$$libshutdown$$00000002)
    .ARM.Collect$$libshutdown$$00000004      0x0800014a   Section        0  libshutdown2.o(.ARM.Collect$$libshutdown$$00000004)
    .ARM.Collect$$libshutdown$$00000007      0x0800014a   Section        0  libshutdown2.o(.ARM.Collect$$libshutdown$$00000007)
    .ARM.Collect$$libshutdown$$0000000A      0x0800014a   Section        0  libshutdown2.o(.ARM.Collect$$libshutdown$$0000000A)
    .ARM.Collect$$libshutdown$$0000000C      0x0800014a   Section        0  libshutdown2.o(.ARM.Collect$$libshutdown$$0000000C)
    .ARM.Collect$$libshutdown$$0000000F      0x0800014a   Section        0  libshutdown2.o(.ARM.Collect$$libshutdown$$0000000F)
    .ARM.Collect$$libshutdown$$00000010      0x0800014a   Section        2  libshutdown2.o(.ARM.Collect$$libshutdown$$00000010)
    .ARM.Collect$$rtentry$$00000000          0x0800014c   Section        0  __rtentry.o(.ARM.Collect$$rtentry$$00000000)
    .ARM.Collect$$rtentry$$00000002          0x0800014c   Section        0  __rtentry2.o(.ARM.Collect$$rtentry$$00000002)
    .ARM.Collect$$rtentry$$00000004          0x0800014c   Section        6  __rtentry4.o(.ARM.Collect$$rtentry$$00000004)
    .ARM.Collect$$rtentry$$00000009          0x08000152   Section        0  __rtentry2.o(.ARM.Collect$$rtentry$$00000009)
    .ARM.Collect$$rtentry$$0000000A          0x08000152   Section        4  __rtentry2.o(.ARM.Collect$$rtentry$$0000000A)
    .ARM.Collect$$rtentry$$0000000C          0x08000156   Section        0  __rtentry2.o(.ARM.Collect$$rtentry$$0000000C)
    .ARM.Collect$$rtentry$$0000000D          0x08000156   Section        8  __rtentry2.o(.ARM.Collect$$rtentry$$0000000D)
    .ARM.Collect$$rtexit$$00000000           0x0800015e   Section        2  rtexit.o(.ARM.Collect$$rtexit$$00000000)
    .ARM.Collect$$rtexit$$00000002           0x08000160   Section        0  rtexit2.o(.ARM.Collect$$rtexit$$00000002)
    .ARM.Collect$$rtexit$$00000003           0x08000160   Section        4  rtexit2.o(.ARM.Collect$$rtexit$$00000003)
    .ARM.Collect$$rtexit$$00000004           0x08000164   Section        6  rtexit2.o(.ARM.Collect$$rtexit$$00000004)
    .text                                    0x0800016c   Section       64  startup_stm32f10x_md.o(.text)
    .text                                    0x080001ac   Section        0  heapauxi.o(.text)
    .text                                    0x080001b2   Section       74  sys_stackheap_outer.o(.text)
    .text                                    0x080001fc   Section        0  exit.o(.text)
    .text                                    0x08000210   Section        8  libspace.o(.text)
    .text                                    0x08000218   Section        0  sys_exit.o(.text)
    .text                                    0x08000224   Section        2  use_no_semi.o(.text)
    .text                                    0x08000226   Section        0  indicate_semi.o(.text)
    [Anonymous Symbol]                       0x08000228   Section        0  pins.o(.text.PIN_init)
    SetSysClock                              0x0800033d   Thumb Code     8  system_stm32f10x.o(.text.SetSysClock)
    [Anonymous Symbol]                       0x0800033c   Section        0  system_stm32f10x.o(.text.SetSysClock)
    SetSysClockTo48                          0x08000345   Thumb Code   290  system_stm32f10x.o(.text.SetSysClockTo48)
    [Anonymous Symbol]                       0x08000344   Section        0  system_stm32f10x.o(.text.SetSysClockTo48)
    [Anonymous Symbol]                       0x08000468   Section        0  system_stm32f10x.o(.text.SystemInit)
    [Anonymous Symbol]                       0x080004d0   Section        0  main.o(.text.main)
    [Anonymous Symbol]                       0x080005c4   Section        0  scpi_commands.o(.text.scpi_reset)
    [Anonymous Symbol]                       0x080005e0   Section        0  scpi_commands.o(.text.scpi_set_sense_autorange)
    [Anonymous Symbol]                       0x0800062c   Section        0  scpi_commands.o(.text.scpi_set_sense_range)
    [Anonymous Symbol]                       0x08000654   Section        0  scpi_commands.o(.text.scpi_set_source_output)
    [Anonymous Symbol]                       0x080006b8   Section        0  scpi_commands.o(.text.scpi_set_source_prot)
    [Anonymous Symbol]                       0x080006fc   Section        0  scpi_commands.o(.text.scpi_set_source_range)
    [Anonymous Symbol]                       0x0800073c   Section        0  scpi_commands.o(.text.scpi_set_source_voltage)
    [Anonymous Symbol]                       0x08000780   Section        0  scpi_commands.o(.text.scpi_start_measurement)
    [Anonymous Symbol]                       0x0800079c   Section        0  scpi_commands.o(.text.scpi_stop_measurement)
    [Anonymous Symbol]                       0x080007b8   Section        0  uart.o(.text.set_up_uart1)
    [Anonymous Symbol]                       0x08000840   Section        0  scpi_commands.o(.text.uart1_put_float)
    [Anonymous Symbol]                       0x080008d4   Section        0  scpi_commands.o(.text.uart1_put_int)
    [Anonymous Symbol]                       0x08000964   Section        0  uart.o(.text.uart_put_char)
    [Anonymous Symbol]                       0x08000994   Section        0  uart.o(.text.uart_put_string)
    [Anonymous Symbol]                       0x080009b8   Section        0  timer.o(.text.wait_ms)
    x$fpl$dretinf                            0x080009e0   Section       12  dretinf.o(x$fpl$dretinf)
    x$fpl$f2d                                0x080009ec   Section       86  f2d.o(x$fpl$f2d)
    x$fpl$fadd                               0x08000a44   Section      196  faddsub_clz.o(x$fpl$fadd)
    _fadd1                                   0x08000a53   Thumb Code     0  faddsub_clz.o(x$fpl$fadd)
    x$fpl$fcmp                               0x08000b08   Section       84  fcmp.o(x$fpl$fcmp)
    x$fpl$fcmpinf                            0x08000b5c   Section       24  fcmpi.o(x$fpl$fcmpinf)
    x$fpl$feqf                               0x08000b74   Section      104  feqf.o(x$fpl$feqf)
    x$fpl$ffix                               0x08000bdc   Section       54  ffix.o(x$fpl$ffix)
    x$fpl$fflt                               0x08000c14   Section       48  fflt_clz.o(x$fpl$fflt)
    x$fpl$fgeqf                              0x08000c44   Section      104  fgeqf.o(x$fpl$fgeqf)
    x$fpl$fleqf                              0x08000cac   Section      104  fleqf.o(x$fpl$fleqf)
    x$fpl$fmul                               0x08000d14   Section      258  fmul.o(x$fpl$fmul)
    x$fpl$fnaninf                            0x08000e16   Section      140  fnaninf.o(x$fpl$fnaninf)
    x$fpl$fretinf                            0x08000ea2   Section       10  fretinf.o(x$fpl$fretinf)
    x$fpl$fsub                               0x08000eac   Section      234  faddsub_clz.o(x$fpl$fsub)
    _fsub1                                   0x08000ebb   Thumb Code     0  faddsub_clz.o(x$fpl$fsub)
    .L.str.4                                 0x08000f96   Data           7  scpi_commands.o(.rodata.str1.1)
    [Anonymous Symbol]                       0x08000f96   Section        0  scpi_commands.o(.rodata.str1.1)
    x$fpl$usenofp                            0x08000f96   Section        0  usenofp.o(x$fpl$usenofp)
    .L.str.9                                 0x08000f9d   Data          13  scpi_commands.o(.rodata.str1.1)
    .L.str.3                                 0x08000fa2   Data           8  scpi_commands.o(.rodata.str1.1)
    .L.str.5                                 0x08000faa   Data          10  scpi_commands.o(.rodata.str1.1)
    .L.str.10                                0x08000fb4   Data          17  scpi_commands.o(.rodata.str1.1)
    .L.str.6                                 0x08000fc5   Data           9  scpi_commands.o(.rodata.str1.1)
    .L.str.8                                 0x08000fce   Data           4  scpi_commands.o(.rodata.str1.1)
    .L.str.7                                 0x08000fd2   Data           3  scpi_commands.o(.rodata.str1.1)
    .L.str.12                                0x08000fd5   Data          17  scpi_commands.o(.rodata.str1.1)
    .L.str.11                                0x08000fe6   Data          18  scpi_commands.o(.rodata.str1.1)
    .L.str                                   0x08000ff8   Data           5  scpi_commands.o(.rodata.str1.1)
    .L.str.2                                 0x08000ffd   Data           7  scpi_commands.o(.rodata.str1.1)
    .L.str.4                                 0x08001004   Data          33  main.o(.rodata.str1.1)
    [Anonymous Symbol]                       0x08001004   Section        0  main.o(.rodata.str1.1)
    .L.str                                   0x08001025   Data          34  main.o(.rodata.str1.1)
    .L.str.1                                 0x08001044   Data           3  main.o(.rodata.str1.1)
    .L.str.2                                 0x08001047   Data           3  main.o(.rodata.str1.1)
    .L.str.1                                 0x0800104a   Data           3  main.o(.rodata.str1.1)
    .L.str.3                                 0x0800104d   Data           4  main.o(.rodata.str1.1)
    .bss                                     0x20000000   Section       96  libspace.o(.bss)
    Heap_Mem                                 0x20000060   Data         512  startup_stm32f10x_md.o(HEAP)
    HEAP                                     0x20000060   Section      512  startup_stm32f10x_md.o(HEAP)
    Stack_Mem                                0x20000260   Data        1024  startup_stm32f10x_md.o(STACK)
    STACK                                    0x20000260   Section     1024  startup_stm32f10x_md.o(STACK)
    __initial_sp                             0x20000660   Data           0  startup_stm32f10x_md.o(STACK)

    Global Symbols

    Symbol Name                              Value     Ov Type        Size  Object(Section)

    BuildAttributes$$THM_ISAv4$P$D$K$B$S$PE$A:L22UL41UL21$X:L11$S22US41US21$IEEE1$IW$~IW$USESV6$~STKCKD$USESV7$~SHL$OSPACE$ROPI$EBA8$UX$STANDARDLIB$REQ8$PRES8$EABIv2 0x00000000   Number         0  anon$$obj.o ABSOLUTE
    __fp_init_empty                          0x00000000   Number         0  fpinit_empty.o ABSOLUTE
    __ARM_exceptions_init                     - Undefined Weak Reference
    __alloca_initialize                       - Undefined Weak Reference
    __arm_preinit_                            - Undefined Weak Reference
    __arm_relocate_pie_                       - Undefined Weak Reference
    __cpp_initialize__aeabi_                  - Undefined Weak Reference
    __cxa_finalize                            - Undefined Weak Reference
    __rt_locale                               - Undefined Weak Reference
    __sigvec_lookup                           - Undefined Weak Reference
    _atexit_init                              - Undefined Weak Reference
    _call_atexit_fns                          - Undefined Weak Reference
    _clock_init                               - Undefined Weak Reference
    _fp_trap_init                             - Undefined Weak Reference
    _fp_trap_shutdown                         - Undefined Weak Reference
    _get_lc_collate                           - Undefined Weak Reference
    _get_lc_ctype                             - Undefined Weak Reference
    _get_lc_monetary                          - Undefined Weak Reference
    _get_lc_numeric                           - Undefined Weak Reference
    _get_lc_time                              - Undefined Weak Reference
    _getenv_init                              - Undefined Weak Reference
    _handle_redirection                       - Undefined Weak Reference
    _init_alloc                               - Undefined Weak Reference
    _init_user_alloc                          - Undefined Weak Reference
    _initio                                   - Undefined Weak Reference
    _rand_init                                - Undefined Weak Reference
    _signal_finish                            - Undefined Weak Reference
    _signal_init                              - Undefined Weak Reference
    _terminate_alloc                          - Undefined Weak Reference
    _terminate_user_alloc                     - Undefined Weak Reference
    _terminateio                              - Undefined Weak Reference
    __Vectors_Size                           0x000000ec   Number         0  startup_stm32f10x_md.o ABSOLUTE
    __Vectors                                0x08000000   Data           4  startup_stm32f10x_md.o(RESET)
    __Vectors_End                            0x080000ec   Data           0  startup_stm32f10x_md.o(RESET)
    __main                                   0x080000ed   Thumb Code     8  __main.o(!!!main)
    __scatterload                            0x080000f5   Thumb Code     0  __scatter.o(!!!scatter)
    __scatterload_rt2                        0x080000f5   Thumb Code    44  __scatter.o(!!!scatter)
    __scatterload_rt2_thumb_only             0x080000f5   Thumb Code     0  __scatter.o(!!!scatter)
    __scatterload_null                       0x08000103   Thumb Code     0  __scatter.o(!!!scatter)
    __scatterload_zeroinit                   0x08000129   Thumb Code    28  __scatter_zi.o(!!handler_zi)
    __rt_lib_init                            0x08000145   Thumb Code     0  libinit.o(.ARM.Collect$$libinit$$00000000)
    __rt_lib_init_alloca_1                   0x08000147   Thumb Code     0  libinit2.o(.ARM.Collect$$libinit$$00000030)
    __rt_lib_init_argv_1                     0x08000147   Thumb Code     0  libinit2.o(.ARM.Collect$$libinit$$0000002E)
    __rt_lib_init_atexit_1                   0x08000147   Thumb Code     0  libinit2.o(.ARM.Collect$$libinit$$0000001D)
    __rt_lib_init_clock_1                    0x08000147   Thumb Code     0  libinit2.o(.ARM.Collect$$libinit$$00000023)
    __rt_lib_init_cpp_1                      0x08000147   Thumb Code     0  libinit2.o(.ARM.Collect$$libinit$$00000034)
    __rt_lib_init_exceptions_1               0x08000147   Thumb Code     0  libinit2.o(.ARM.Collect$$libinit$$00000032)
    __rt_lib_init_fp_1                       0x08000147   Thumb Code     0  libinit2.o(.ARM.Collect$$libinit$$00000002)
    __rt_lib_init_fp_trap_1                  0x08000147   Thumb Code     0  libinit2.o(.ARM.Collect$$libinit$$00000021)
    __rt_lib_init_getenv_1                   0x08000147   Thumb Code     0  libinit2.o(.ARM.Collect$$libinit$$00000025)
    __rt_lib_init_heap_1                     0x08000147   Thumb Code     0  libinit2.o(.ARM.Collect$$libinit$$0000000C)
    __rt_lib_init_lc_collate_1               0x08000147   Thumb Code     0  libinit2.o(.ARM.Collect$$libinit$$00000013)
    __rt_lib_init_lc_ctype_1                 0x08000147   Thumb Code     0  libinit2.o(.ARM.Collect$$libinit$$00000015)
    __rt_lib_init_lc_monetary_1              0x08000147   Thumb Code     0  libinit2.o(.ARM.Collect$$libinit$$00000017)
    __rt_lib_init_lc_numeric_1               0x08000147   Thumb Code     0  libinit2.o(.ARM.Collect$$libinit$$00000019)
    __rt_lib_init_lc_time_1                  0x08000147   Thumb Code     0  libinit2.o(.ARM.Collect$$libinit$$0000001B)
    __rt_lib_init_preinit_1                  0x08000147   Thumb Code     0  libinit2.o(.ARM.Collect$$libinit$$00000006)
    __rt_lib_init_rand_1                     0x08000147   Thumb Code     0  libinit2.o(.ARM.Collect$$libinit$$00000010)
    __rt_lib_init_relocate_pie_1             0x08000147   Thumb Code     0  libinit2.o(.ARM.Collect$$libinit$$00000004)
    __rt_lib_init_return                     0x08000147   Thumb Code     0  libinit2.o(.ARM.Collect$$libinit$$00000035)
    __rt_lib_init_signal_1                   0x08000147   Thumb Code     0  libinit2.o(.ARM.Collect$$libinit$$0000001F)
    __rt_lib_init_stdio_1                    0x08000147   Thumb Code     0  libinit2.o(.ARM.Collect$$libinit$$00000027)
    __rt_lib_init_user_alloc_1               0x08000147   Thumb Code     0  libinit2.o(.ARM.Collect$$libinit$$0000000E)
    __rt_lib_shutdown                        0x08000149   Thumb Code     0  libshutdown.o(.ARM.Collect$$libshutdown$$00000000)
    __rt_lib_shutdown_cpp_1                  0x0800014b   Thumb Code     0  libshutdown2.o(.ARM.Collect$$libshutdown$$00000002)
    __rt_lib_shutdown_fp_trap_1              0x0800014b   Thumb Code     0  libshutdown2.o(.ARM.Collect$$libshutdown$$00000007)
    __rt_lib_shutdown_heap_1                 0x0800014b   Thumb Code     0  libshutdown2.o(.ARM.Collect$$libshutdown$$0000000F)
    __rt_lib_shutdown_return                 0x0800014b   Thumb Code     0  libshutdown2.o(.ARM.Collect$$libshutdown$$00000010)
    __rt_lib_shutdown_signal_1               0x0800014b   Thumb Code     0  libshutdown2.o(.ARM.Collect$$libshutdown$$0000000A)
    __rt_lib_shutdown_stdio_1                0x0800014b   Thumb Code     0  libshutdown2.o(.ARM.Collect$$libshutdown$$00000004)
    __rt_lib_shutdown_user_alloc_1           0x0800014b   Thumb Code     0  libshutdown2.o(.ARM.Collect$$libshutdown$$0000000C)
    __rt_entry                               0x0800014d   Thumb Code     0  __rtentry.o(.ARM.Collect$$rtentry$$00000000)
    __rt_entry_presh_1                       0x0800014d   Thumb Code     0  __rtentry2.o(.ARM.Collect$$rtentry$$00000002)
    __rt_entry_sh                            0x0800014d   Thumb Code     0  __rtentry4.o(.ARM.Collect$$rtentry$$00000004)
    __rt_entry_li                            0x08000153   Thumb Code     0  __rtentry2.o(.ARM.Collect$$rtentry$$0000000A)
    __rt_entry_postsh_1                      0x08000153   Thumb Code     0  __rtentry2.o(.ARM.Collect$$rtentry$$00000009)
    __rt_entry_main                          0x08000157   Thumb Code     0  __rtentry2.o(.ARM.Collect$$rtentry$$0000000D)
    __rt_entry_postli_1                      0x08000157   Thumb Code     0  __rtentry2.o(.ARM.Collect$$rtentry$$0000000C)
    __rt_exit                                0x0800015f   Thumb Code     0  rtexit.o(.ARM.Collect$$rtexit$$00000000)
    __rt_exit_ls                             0x08000161   Thumb Code     0  rtexit2.o(.ARM.Collect$$rtexit$$00000003)
    __rt_exit_prels_1                        0x08000161   Thumb Code     0  rtexit2.o(.ARM.Collect$$rtexit$$00000002)
    __rt_exit_exit                           0x08000165   Thumb Code     0  rtexit2.o(.ARM.Collect$$rtexit$$00000004)
    Reset_Handler                            0x0800016d   Thumb Code     8  startup_stm32f10x_md.o(.text)
    NMI_Handler                              0x08000175   Thumb Code     2  startup_stm32f10x_md.o(.text)
    HardFault_Handler                        0x08000177   Thumb Code     2  startup_stm32f10x_md.o(.text)
    MemManage_Handler                        0x08000179   Thumb Code     2  startup_stm32f10x_md.o(.text)
    BusFault_Handler                         0x0800017b   Thumb Code     2  startup_stm32f10x_md.o(.text)
    UsageFault_Handler                       0x0800017d   Thumb Code     2  startup_stm32f10x_md.o(.text)
    SVC_Handler                              0x0800017f   Thumb Code     2  startup_stm32f10x_md.o(.text)
    DebugMon_Handler                         0x08000181   Thumb Code     2  startup_stm32f10x_md.o(.text)
    PendSV_Handler                           0x08000183   Thumb Code     2  startup_stm32f10x_md.o(.text)
    SysTick_Handler                          0x08000185   Thumb Code     2  startup_stm32f10x_md.o(.text)
    ADC1_2_IRQHandler                        0x08000187   Thumb Code     0  startup_stm32f10x_md.o(.text)
    CAN1_RX1_IRQHandler                      0x08000187   Thumb Code     0  startup_stm32f10x_md.o(.text)
    CAN1_SCE_IRQHandler                      0x08000187   Thumb Code     0  startup_stm32f10x_md.o(.text)
    DMA1_Channel1_IRQHandler                 0x08000187   Thumb Code     0  startup_stm32f10x_md.o(.text)
    DMA1_Channel2_IRQHandler                 0x08000187   Thumb Code     0  startup_stm32f10x_md.o(.text)
    DMA1_Channel3_IRQHandler                 0x08000187   Thumb Code     0  startup_stm32f10x_md.o(.text)
    DMA1_Channel4_IRQHandler                 0x08000187   Thumb Code     0  startup_stm32f10x_md.o(.text)
    DMA1_Channel5_IRQHandler                 0x08000187   Thumb Code     0  startup_stm32f10x_md.o(.text)
    DMA1_Channel6_IRQHandler                 0x08000187   Thumb Code     0  startup_stm32f10x_md.o(.text)
    DMA1_Channel7_IRQHandler                 0x08000187   Thumb Code     0  startup_stm32f10x_md.o(.text)
    EXTI0_IRQHandler                         0x08000187   Thumb Code     0  startup_stm32f10x_md.o(.text)
    EXTI15_10_IRQHandler                     0x08000187   Thumb Code     0  startup_stm32f10x_md.o(.text)
    EXTI1_IRQHandler                         0x08000187   Thumb Code     0  startup_stm32f10x_md.o(.text)
    EXTI2_IRQHandler                         0x08000187   Thumb Code     0  startup_stm32f10x_md.o(.text)
    EXTI3_IRQHandler                         0x08000187   Thumb Code     0  startup_stm32f10x_md.o(.text)
    EXTI4_IRQHandler                         0x08000187   Thumb Code     0  startup_stm32f10x_md.o(.text)
    EXTI9_5_IRQHandler                       0x08000187   Thumb Code     0  startup_stm32f10x_md.o(.text)
    FLASH_IRQHandler                         0x08000187   Thumb Code     0  startup_stm32f10x_md.o(.text)
    I2C1_ER_IRQHandler                       0x08000187   Thumb Code     0  startup_stm32f10x_md.o(.text)
    I2C1_EV_IRQHandler                       0x08000187   Thumb Code     0  startup_stm32f10x_md.o(.text)
    I2C2_ER_IRQHandler                       0x08000187   Thumb Code     0  startup_stm32f10x_md.o(.text)
    I2C2_EV_IRQHandler                       0x08000187   Thumb Code     0  startup_stm32f10x_md.o(.text)
    PVD_IRQHandler                           0x08000187   Thumb Code     0  startup_stm32f10x_md.o(.text)
    RCC_IRQHandler                           0x08000187   Thumb Code     0  startup_stm32f10x_md.o(.text)
    RTCAlarm_IRQHandler                      0x08000187   Thumb Code     0  startup_stm32f10x_md.o(.text)
    RTC_IRQHandler                           0x08000187   Thumb Code     0  startup_stm32f10x_md.o(.text)
    SPI1_IRQHandler                          0x08000187   Thumb Code     0  startup_stm32f10x_md.o(.text)
    SPI2_IRQHandler                          0x08000187   Thumb Code     0  startup_stm32f10x_md.o(.text)
    TAMPER_IRQHandler                        0x08000187   Thumb Code     0  startup_stm32f10x_md.o(.text)
    TIM1_BRK_IRQHandler                      0x08000187   Thumb Code     0  startup_stm32f10x_md.o(.text)
    TIM1_CC_IRQHandler                       0x08000187   Thumb Code     0  startup_stm32f10x_md.o(.text)
    TIM1_TRG_COM_IRQHandler                  0x08000187   Thumb Code     0  startup_stm32f10x_md.o(.text)
    TIM1_UP_IRQHandler                       0x08000187   Thumb Code     0  startup_stm32f10x_md.o(.text)
    TIM2_IRQHandler                          0x08000187   Thumb Code     0  startup_stm32f10x_md.o(.text)
    TIM3_IRQHandler                          0x08000187   Thumb Code     0  startup_stm32f10x_md.o(.text)
    TIM4_IRQHandler                          0x08000187   Thumb Code     0  startup_stm32f10x_md.o(.text)
    USART1_IRQHandler                        0x08000187   Thumb Code     0  startup_stm32f10x_md.o(.text)
    USART2_IRQHandler                        0x08000187   Thumb Code     0  startup_stm32f10x_md.o(.text)
    USART3_IRQHandler                        0x08000187   Thumb Code     0  startup_stm32f10x_md.o(.text)
    USBWakeUp_IRQHandler                     0x08000187   Thumb Code     0  startup_stm32f10x_md.o(.text)
    USB_HP_CAN1_TX_IRQHandler                0x08000187   Thumb Code     0  startup_stm32f10x_md.o(.text)
    USB_LP_CAN1_RX0_IRQHandler               0x08000187   Thumb Code     0  startup_stm32f10x_md.o(.text)
    WWDG_IRQHandler                          0x08000187   Thumb Code     0  startup_stm32f10x_md.o(.text)
    __user_initial_stackheap                 0x08000189   Thumb Code     0  startup_stm32f10x_md.o(.text)
    __use_two_region_memory                  0x080001ad   Thumb Code     2  heapauxi.o(.text)
    __rt_heap_escrow$2region                 0x080001af   Thumb Code     2  heapauxi.o(.text)
    __rt_heap_expand$2region                 0x080001b1   Thumb Code     2  heapauxi.o(.text)
    __user_setup_stackheap                   0x080001b3   Thumb Code    74  sys_stackheap_outer.o(.text)
    exit                                     0x080001fd   Thumb Code    18  exit.o(.text)
    __user_libspace                          0x08000211   Thumb Code     8  libspace.o(.text)
    __user_perproc_libspace                  0x08000211   Thumb Code     0  libspace.o(.text)
    __user_perthread_libspace                0x08000211   Thumb Code     0  libspace.o(.text)
    _sys_exit                                0x08000219   Thumb Code     8  sys_exit.o(.text)
    __I$use$semihosting                      0x08000225   Thumb Code     0  use_no_semi.o(.text)
    __use_no_semihosting_swi                 0x08000225   Thumb Code     2  use_no_semi.o(.text)
    __semihosting_library_function           0x08000227   Thumb Code     0  indicate_semi.o(.text)
    PIN_init                                 0x08000229   Thumb Code   276  pins.o(.text.PIN_init)
    SystemInit                               0x08000469   Thumb Code   102  system_stm32f10x.o(.text.SystemInit)
    main                                     0x080004d1   Thumb Code   244  main.o(.text.main)
    scpi_reset                               0x080005c5   Thumb Code    28  scpi_commands.o(.text.scpi_reset)
    scpi_set_sense_autorange                 0x080005e1   Thumb Code    74  scpi_commands.o(.text.scpi_set_sense_autorange)
    scpi_set_sense_range                     0x0800062d   Thumb Code    40  scpi_commands.o(.text.scpi_set_sense_range)
    scpi_set_source_output                   0x08000655   Thumb Code    98  scpi_commands.o(.text.scpi_set_source_output)
    scpi_set_source_prot                     0x080006b9   Thumb Code    66  scpi_commands.o(.text.scpi_set_source_prot)
    scpi_set_source_range                    0x080006fd   Thumb Code    64  scpi_commands.o(.text.scpi_set_source_range)
    scpi_set_source_voltage                  0x0800073d   Thumb Code    66  scpi_commands.o(.text.scpi_set_source_voltage)
    scpi_start_measurement                   0x08000781   Thumb Code    28  scpi_commands.o(.text.scpi_start_measurement)
    scpi_stop_measurement                    0x0800079d   Thumb Code    28  scpi_commands.o(.text.scpi_stop_measurement)
    set_up_uart1                             0x080007b9   Thumb Code   136  uart.o(.text.set_up_uart1)
    uart1_put_float                          0x08000841   Thumb Code   148  scpi_commands.o(.text.uart1_put_float)
    uart1_put_int                            0x080008d5   Thumb Code   144  scpi_commands.o(.text.uart1_put_int)
    uart_put_char                            0x08000965   Thumb Code    46  uart.o(.text.uart_put_char)
    uart_put_string                          0x08000995   Thumb Code    34  uart.o(.text.uart_put_string)
    wait_ms                                  0x080009b9   Thumb Code    40  timer.o(.text.wait_ms)
    __fpl_dretinf                            0x080009e1   Thumb Code    12  dretinf.o(x$fpl$dretinf)
    __aeabi_f2d                              0x080009ed   Thumb Code     0  f2d.o(x$fpl$f2d)
    _f2d                                     0x080009ed   Thumb Code    86  f2d.o(x$fpl$f2d)
    __aeabi_fadd                             0x08000a45   Thumb Code     0  faddsub_clz.o(x$fpl$fadd)
    _fadd                                    0x08000a45   Thumb Code   196  faddsub_clz.o(x$fpl$fadd)
    __aeabi_fcmpeq                           0x08000b09   Thumb Code     0  fcmp.o(x$fpl$fcmp)
    _feq                                     0x08000b09   Thumb Code    14  fcmp.o(x$fpl$fcmp)
    _fneq                                    0x08000b17   Thumb Code    14  fcmp.o(x$fpl$fcmp)
    __aeabi_fcmpgt                           0x08000b25   Thumb Code     0  fcmp.o(x$fpl$fcmp)
    _fgr                                     0x08000b25   Thumb Code    14  fcmp.o(x$fpl$fcmp)
    __aeabi_fcmpge                           0x08000b33   Thumb Code     0  fcmp.o(x$fpl$fcmp)
    _fgeq                                    0x08000b33   Thumb Code    14  fcmp.o(x$fpl$fcmp)
    __aeabi_fcmple                           0x08000b41   Thumb Code     0  fcmp.o(x$fpl$fcmp)
    _fleq                                    0x08000b41   Thumb Code    14  fcmp.o(x$fpl$fcmp)
    __aeabi_fcmplt                           0x08000b4f   Thumb Code     0  fcmp.o(x$fpl$fcmp)
    _fls                                     0x08000b4f   Thumb Code    14  fcmp.o(x$fpl$fcmp)
    __fpl_fcmp_Inf                           0x08000b5d   Thumb Code    24  fcmpi.o(x$fpl$fcmpinf)
    __aeabi_cfcmpeq                          0x08000b75   Thumb Code     0  feqf.o(x$fpl$feqf)
    _fcmpeq                                  0x08000b75   Thumb Code   104  feqf.o(x$fpl$feqf)
    __aeabi_f2iz                             0x08000bdd   Thumb Code     0  ffix.o(x$fpl$ffix)
    _ffix                                    0x08000bdd   Thumb Code    54  ffix.o(x$fpl$ffix)
    __aeabi_i2f                              0x08000c15   Thumb Code     0  fflt_clz.o(x$fpl$fflt)
    _fflt                                    0x08000c15   Thumb Code    48  fflt_clz.o(x$fpl$fflt)
    _fcmpge                                  0x08000c45   Thumb Code   104  fgeqf.o(x$fpl$fgeqf)
    __aeabi_cfcmple                          0x08000cad   Thumb Code     0  fleqf.o(x$fpl$fleqf)
    _fcmple                                  0x08000cad   Thumb Code   104  fleqf.o(x$fpl$fleqf)
    __fpl_fcmple_InfNaN                      0x08000cff   Thumb Code     0  fleqf.o(x$fpl$fleqf)
    __aeabi_fmul                             0x08000d15   Thumb Code     0  fmul.o(x$fpl$fmul)
    _fmul                                    0x08000d15   Thumb Code   258  fmul.o(x$fpl$fmul)
    __fpl_fnaninf                            0x08000e17   Thumb Code   140  fnaninf.o(x$fpl$fnaninf)
    __fpl_fretinf                            0x08000ea3   Thumb Code    10  fretinf.o(x$fpl$fretinf)
    __aeabi_fsub                             0x08000ead   Thumb Code     0  faddsub_clz.o(x$fpl$fsub)
    _fsub                                    0x08000ead   Thumb Code   234  faddsub_clz.o(x$fpl$fsub)
    __I$use$fp                               0x08000f96   Number         0  usenofp.o(x$fpl$usenofp)
    Region$$Table$$Base                      0x08001054   Number         0  anon$$obj.o(Region$$Table)
    Region$$Table$$Limit                     0x08001064   Number         0  anon$$obj.o(Region$$Table)
    __libspace_start                         0x20000000   Data          96  libspace.o(.bss)
    __temporary_stack_top$libspace           0x20000060   Data           0  libspace.o(.bss)



==============================================================================

Memory Map of the image

  Image Entry point : 0x0800016d

  Load Region LR_1 (Base: 0x08000000, Size: 0x00001064, Max: 0xffffffff, ABSOLUTE)

    Execution Region ER_RO (Exec base: 0x08000000, Load base: 0x08000000, Size: 0x00001064, Max: 0xffffffff, ABSOLUTE)

    Exec Addr    Load Addr    Size         Type   Attr      Idx    E Section Name        Object

    0x08000000   0x08000000   0x000000ec   Data   RO          152    RESET               startup_stm32f10x_md.o
    0x080000ec   0x080000ec   0x00000008   Code   RO          180  * !!!main             c_w.l(__main.o)
    0x080000f4   0x080000f4   0x00000034   Code   RO          402    !!!scatter          c_w.l(__scatter.o)
    0x08000128   0x08000128   0x0000001c   Code   RO          404    !!handler_zi        c_w.l(__scatter_zi.o)
    0x08000144   0x08000144   0x00000002   Code   RO          264    .ARM.Collect$$libinit$$00000000  c_w.l(libinit.o)
    0x08000146   0x08000146   0x00000000   Code   RO          271    .ARM.Collect$$libinit$$00000002  c_w.l(libinit2.o)
    0x08000146   0x08000146   0x00000000   Code   RO          273    .ARM.Collect$$libinit$$00000004  c_w.l(libinit2.o)
    0x08000146   0x08000146   0x00000000   Code   RO          275    .ARM.Collect$$libinit$$00000006  c_w.l(libinit2.o)
    0x08000146   0x08000146   0x00000000   Code   RO          278    .ARM.Collect$$libinit$$0000000C  c_w.l(libinit2.o)
    0x08000146   0x08000146   0x00000000   Code   RO          280    .ARM.Collect$$libinit$$0000000E  c_w.l(libinit2.o)
    0x08000146   0x08000146   0x00000000   Code   RO          282    .ARM.Collect$$libinit$$00000010  c_w.l(libinit2.o)
    0x08000146   0x08000146   0x00000000   Code   RO          285    .ARM.Collect$$libinit$$00000013  c_w.l(libinit2.o)
    0x08000146   0x08000146   0x00000000   Code   RO          287    .ARM.Collect$$libinit$$00000015  c_w.l(libinit2.o)
    0x08000146   0x08000146   0x00000000   Code   RO          289    .ARM.Collect$$libinit$$00000017  c_w.l(libinit2.o)
    0x08000146   0x08000146   0x00000000   Code   RO          291    .ARM.Collect$$libinit$$00000019  c_w.l(libinit2.o)
    0x08000146   0x08000146   0x00000000   Code   RO          293    .ARM.Collect$$libinit$$0000001B  c_w.l(libinit2.o)
    0x08000146   0x08000146   0x00000000   Code   RO          295    .ARM.Collect$$libinit$$0000001D  c_w.l(libinit2.o)
    0x08000146   0x08000146   0x00000000   Code   RO          297    .ARM.Collect$$libinit$$0000001F  c_w.l(libinit2.o)
    0x08000146   0x08000146   0x00000000   Code   RO          299    .ARM.Collect$$libinit$$00000021  c_w.l(libinit2.o)
    0x08000146   0x08000146   0x00000000   Code   RO          301    .ARM.Collect$$libinit$$00000023  c_w.l(libinit2.o)
    0x08000146   0x08000146   0x00000000   Code   RO          303    .ARM.Collect$$libinit$$00000025  c_w.l(libinit2.o)
    0x08000146   0x08000146   0x00000000   Code   RO          305    .ARM.Collect$$libinit$$00000027  c_w.l(libinit2.o)
    0x08000146   0x08000146   0x00000000   Code   RO          309    .ARM.Collect$$libinit$$0000002E  c_w.l(libinit2.o)
    0x08000146   0x08000146   0x00000000   Code   RO          311    .ARM.Collect$$libinit$$00000030  c_w.l(libinit2.o)
    0x08000146   0x08000146   0x00000000   Code   RO          313    .ARM.Collect$$libinit$$00000032  c_w.l(libinit2.o)
    0x08000146   0x08000146   0x00000000   Code   RO          315    .ARM.Collect$$libinit$$00000034  c_w.l(libinit2.o)
    0x08000146   0x08000146   0x00000002   Code   RO          316    .ARM.Collect$$libinit$$00000035  c_w.l(libinit2.o)
    0x08000148   0x08000148   0x00000002   Code   RO          338    .ARM.Collect$$libshutdown$$00000000  c_w.l(libshutdown.o)
    0x0800014a   0x0800014a   0x00000000   Code   RO          353    .ARM.Collect$$libshutdown$$00000002  c_w.l(libshutdown2.o)
    0x0800014a   0x0800014a   0x00000000   Code   RO          355    .ARM.Collect$$libshutdown$$00000004  c_w.l(libshutdown2.o)
    0x0800014a   0x0800014a   0x00000000   Code   RO          358    .ARM.Collect$$libshutdown$$00000007  c_w.l(libshutdown2.o)
    0x0800014a   0x0800014a   0x00000000   Code   RO          361    .ARM.Collect$$libshutdown$$0000000A  c_w.l(libshutdown2.o)
    0x0800014a   0x0800014a   0x00000000   Code   RO          363    .ARM.Collect$$libshutdown$$0000000C  c_w.l(libshutdown2.o)
    0x0800014a   0x0800014a   0x00000000   Code   RO          366    .ARM.Collect$$libshutdown$$0000000F  c_w.l(libshutdown2.o)
    0x0800014a   0x0800014a   0x00000002   Code   RO          367    .ARM.Collect$$libshutdown$$00000010  c_w.l(libshutdown2.o)
    0x0800014c   0x0800014c   0x00000000   Code   RO          222    .ARM.Collect$$rtentry$$00000000  c_w.l(__rtentry.o)
    0x0800014c   0x0800014c   0x00000000   Code   RO          239    .ARM.Collect$$rtentry$$00000002  c_w.l(__rtentry2.o)
    0x0800014c   0x0800014c   0x00000006   Code   RO          251    .ARM.Collect$$rtentry$$00000004  c_w.l(__rtentry4.o)
    0x08000152   0x08000152   0x00000000   Code   RO          241    .ARM.Collect$$rtentry$$00000009  c_w.l(__rtentry2.o)
    0x08000152   0x08000152   0x00000004   Code   RO          242    .ARM.Collect$$rtentry$$0000000A  c_w.l(__rtentry2.o)
    0x08000156   0x08000156   0x00000000   Code   RO          244    .ARM.Collect$$rtentry$$0000000C  c_w.l(__rtentry2.o)
    0x08000156   0x08000156   0x00000008   Code   RO          245    .ARM.Collect$$rtentry$$0000000D  c_w.l(__rtentry2.o)
    0x0800015e   0x0800015e   0x00000002   Code   RO          268    .ARM.Collect$$rtexit$$00000000  c_w.l(rtexit.o)
    0x08000160   0x08000160   0x00000000   Code   RO          318    .ARM.Collect$$rtexit$$00000002  c_w.l(rtexit2.o)
    0x08000160   0x08000160   0x00000004   Code   RO          319    .ARM.Collect$$rtexit$$00000003  c_w.l(rtexit2.o)
    0x08000164   0x08000164   0x00000006   Code   RO          320    .ARM.Collect$$rtexit$$00000004  c_w.l(rtexit2.o)
    0x0800016a   0x0800016a   0x00000002   PAD
    0x0800016c   0x0800016c   0x00000040   Code   RO          153  * .text               startup_stm32f10x_md.o
    0x080001ac   0x080001ac   0x00000006   Code   RO          178    .text               c_w.l(heapauxi.o)
    0x080001b2   0x080001b2   0x0000004a   Code   RO          255    .text               c_w.l(sys_stackheap_outer.o)
    0x080001fc   0x080001fc   0x00000012   Code   RO          257    .text               c_w.l(exit.o)
    0x0800020e   0x0800020e   0x00000002   PAD
    0x08000210   0x08000210   0x00000008   Code   RO          265    .text               c_w.l(libspace.o)
    0x08000218   0x08000218   0x0000000c   Code   RO          328    .text               c_w.l(sys_exit.o)
    0x08000224   0x08000224   0x00000002   Code   RO          343    .text               c_w.l(use_no_semi.o)
    0x08000226   0x08000226   0x00000000   Code   RO          345    .text               c_w.l(indicate_semi.o)
    0x08000226   0x08000226   0x00000002   PAD
    0x08000228   0x08000228   0x00000114   Code   RO          135    .text.PIN_init      pins.o
    0x0800033c   0x0800033c   0x00000008   Code   RO          162    .text.SetSysClock   system_stm32f10x.o
    0x08000344   0x08000344   0x00000122   Code   RO          166    .text.SetSysClockTo48  system_stm32f10x.o
    0x08000466   0x08000466   0x00000002   PAD
    0x08000468   0x08000468   0x00000066   Code   RO          160    .text.SystemInit    system_stm32f10x.o
    0x080004ce   0x080004ce   0x00000002   PAD
    0x080004d0   0x080004d0   0x000000f4   Code   RO           64    .text.main          main.o
    0x080005c4   0x080005c4   0x0000001c   Code   RO           27    .text.scpi_reset    scpi_commands.o
    0x080005e0   0x080005e0   0x0000004a   Code   RO           39    .text.scpi_set_sense_autorange  scpi_commands.o
    0x0800062a   0x0800062a   0x00000002   PAD
    0x0800062c   0x0800062c   0x00000028   Code   RO           37    .text.scpi_set_sense_range  scpi_commands.o
    0x08000654   0x08000654   0x00000062   Code   RO           35    .text.scpi_set_source_output  scpi_commands.o
    0x080006b6   0x080006b6   0x00000002   PAD
    0x080006b8   0x080006b8   0x00000042   Code   RO           31    .text.scpi_set_source_prot  scpi_commands.o
    0x080006fa   0x080006fa   0x00000002   PAD
    0x080006fc   0x080006fc   0x00000040   Code   RO           29    .text.scpi_set_source_range  scpi_commands.o
    0x0800073c   0x0800073c   0x00000042   Code   RO           33    .text.scpi_set_source_voltage  scpi_commands.o
    0x0800077e   0x0800077e   0x00000002   PAD
    0x08000780   0x08000780   0x0000001c   Code   RO           41    .text.scpi_start_measurement  scpi_commands.o
    0x0800079c   0x0800079c   0x0000001c   Code   RO           43    .text.scpi_stop_measurement  scpi_commands.o
    0x080007b8   0x080007b8   0x00000088   Code   RO          110    .text.set_up_uart1  uart.o
    0x08000840   0x08000840   0x00000094   Code   RO           25    .text.uart1_put_float  scpi_commands.o
    0x080008d4   0x080008d4   0x00000090   Code   RO           23    .text.uart1_put_int  scpi_commands.o
    0x08000964   0x08000964   0x0000002e   Code   RO          114    .text.uart_put_char  uart.o
    0x08000992   0x08000992   0x00000002   PAD
    0x08000994   0x08000994   0x00000022   Code   RO          116    .text.uart_put_string  uart.o
    0x080009b6   0x080009b6   0x00000002   PAD
    0x080009b8   0x080009b8   0x00000028   Code   RO          143    .text.wait_ms       timer.o
    0x080009e0   0x080009e0   0x0000000c   Code   RO          225    x$fpl$dretinf       fz_ws.l(dretinf.o)
    0x080009ec   0x080009ec   0x00000056   Code   RO          200    x$fpl$f2d           fz_ws.l(f2d.o)
    0x08000a42   0x08000a42   0x00000002   PAD
    0x08000a44   0x08000a44   0x000000c4   Code   RO          202    x$fpl$fadd          fz_ws.l(faddsub_clz.o)
    0x08000b08   0x08000b08   0x00000054   Code   RO          208    x$fpl$fcmp          fz_ws.l(fcmp.o)
    0x08000b5c   0x08000b5c   0x00000018   Code   RO          253    x$fpl$fcmpinf       fz_ws.l(fcmpi.o)
    0x08000b74   0x08000b74   0x00000068   Code   RO          227    x$fpl$feqf          fz_ws.l(feqf.o)
    0x08000bdc   0x08000bdc   0x00000036   Code   RO          210    x$fpl$ffix          fz_ws.l(ffix.o)
    0x08000c12   0x08000c12   0x00000002   PAD
    0x08000c14   0x08000c14   0x00000030   Code   RO          215    x$fpl$fflt          fz_ws.l(fflt_clz.o)
    0x08000c44   0x08000c44   0x00000068   Code   RO          229    x$fpl$fgeqf         fz_ws.l(fgeqf.o)
    0x08000cac   0x08000cac   0x00000068   Code   RO          231    x$fpl$fleqf         fz_ws.l(fleqf.o)
    0x08000d14   0x08000d14   0x00000102   Code   RO          220    x$fpl$fmul          fz_ws.l(fmul.o)
    0x08000e16   0x08000e16   0x0000008c   Code   RO          233    x$fpl$fnaninf       fz_ws.l(fnaninf.o)
    0x08000ea2   0x08000ea2   0x0000000a   Code   RO          235    x$fpl$fretinf       fz_ws.l(fretinf.o)
    0x08000eac   0x08000eac   0x000000ea   Code   RO          204    x$fpl$fsub          fz_ws.l(faddsub_clz.o)
    0x08000f96   0x08000f96   0x00000000   Code   RO          237    x$fpl$usenofp       fz_ws.l(usenofp.o)
    0x08000f96   0x08000f96   0x0000006e   Data   RO           45    .rodata.str1.1      scpi_commands.o
    0x08001004   0x08001004   0x0000004d   Data   RO           66    .rodata.str1.1      main.o
    0x08001051   0x08001051   0x00000003   PAD
    0x08001054   0x08001054   0x00000010   Data   RO          401    Region$$Table       anon$$obj.o


    Execution Region ER_RW (Exec base: 0x20000000, Load base: 0x08001064, Size: 0x00000000, Max: 0xffffffff, ABSOLUTE)

    **** No section assigned to this execution region ****


    Execution Region ER_ZI (Exec base: 0x20000000, Load base: 0x08001064, Size: 0x00000660, Max: 0xffffffff, ABSOLUTE)

    Exec Addr    Load Addr    Size         Type   Attr      Idx    E Section Name        Object

    0x20000000        -       0x00000060   Zero   RW          266    .bss                c_w.l(libspace.o)
    0x20000060        -       0x00000200   Zero   RW          151    HEAP                startup_stm32f10x_md.o
    0x20000260        -       0x00000400   Zero   RW          150    STACK               startup_stm32f10x_md.o


==============================================================================

Image component sizes


      Code (inc. data)   RO Data    RW Data    ZI Data      Debug   Object Name

       244          0         77          0          0        710   main.o
       276          0          0          0          0       1182   pins.o
       784          0        110          0          0       2963   scpi_commands.o
        64         26        236          0       1536        884   startup_stm32f10x_md.o
       400          0          0          0          0       2909   system_stm32f10x.o
        40          0          0          0          0        484   timer.o
       216          0          0          0          0       2080   uart.o

    ----------------------------------------------------------------------
      2040         26        442          0       1536      11212   Object Totals
         0          0         16          0          0          0   (incl. Generated)
        16          0          3          0          0          0   (incl. Padding)

    ----------------------------------------------------------------------

      Code (inc. data)   RO Data    RW Data    ZI Data      Debug   Library Member Name

         8          0          0          0          0         68   __main.o
         0          0          0          0          0          0   __rtentry.o
        12          0          0          0          0          0   __rtentry2.o
         6          0          0          0          0          0   __rtentry4.o
        52          8          0          0          0          0   __scatter.o
        28          0          0          0          0          0   __scatter_zi.o
        18          0          0          0          0         80   exit.o
         6          0          0          0          0        152   heapauxi.o
         0          0          0          0          0          0   indicate_semi.o
         2          0          0          0          0          0   libinit.o
         2          0          0          0          0          0   libinit2.o
         2          0          0          0          0          0   libshutdown.o
         2          0          0          0          0          0   libshutdown2.o
         8          4          0          0         96         68   libspace.o
         2          0          0          0          0          0   rtexit.o
        10          0          0          0          0          0   rtexit2.o
        12          4          0          0          0         68   sys_exit.o
        74          0          0          0          0         80   sys_stackheap_outer.o
         2          0          0          0          0         68   use_no_semi.o
        12          0          0          0          0         68   dretinf.o
        86          4          0          0          0         84   f2d.o
       430          8          0          0          0        168   faddsub_clz.o
        84          0          0          0          0        196   fcmp.o
        24          0          0          0          0         68   fcmpi.o
       104          4          0          0          0         84   feqf.o
        54          4          0          0          0         84   ffix.o
        48          0          0          0          0         68   fflt_clz.o
       104          4          0          0          0         84   fgeqf.o
       104          4          0          0          0         84   fleqf.o
       258          4          0          0          0         84   fmul.o
       140          4          0          0          0         84   fnaninf.o
        10          0          0          0          0         68   fretinf.o
         0          0          0          0          0          0   usenofp.o

    ----------------------------------------------------------------------
      1714         52          0          0         96       1808   Library Totals
        10          0          0          0          0          0   (incl. Padding)

    ----------------------------------------------------------------------

      Code (inc. data)   RO Data    RW Data    ZI Data      Debug   Library Name

       246         16          0          0         96        584   c_w.l
      1458         36          0          0          0       1224   fz_ws.l

    ----------------------------------------------------------------------
      1714         52          0          0         96       1808   Library Totals

    ----------------------------------------------------------------------

==============================================================================


      Code (inc. data)   RO Data    RW Data    ZI Data      Debug   

      3754         78        442          0       1632      12016   Grand Totals
      3754         78        442          0       1632      12016   ELF Image Totals
      3754         78        442          0          0          0   ROM Totals

==============================================================================

    Total RO  Size (Code + RO Data)                 4196 (   4.10kB)
    Total RW  Size (RW Data + ZI Data)              1632 (   1.59kB)
    Total ROM Size (Code + RO Data + RW Data)       4196 (   4.10kB)

==============================================================================

